Archive member included to satisfy reference by file (symbol)

F:/devkitPro/devkitARM/bin/../lib/gcc/arm-none-eabi/14.1.0/../../../../arm-none-eabi/lib/thumb\libstdc++.a(atomicity.o)
                              GBAEngine.o (__gnu_cxx::__exchange_and_add(int volatile*, int))
F:/devkitPro/devkitARM/bin/../lib/gcc/arm-none-eabi/14.1.0/../../../../arm-none-eabi/lib/thumb\libstdc++.a(del_ops.o)
                              GBAEngine.o (operator delete(void*, unsigned int))
F:/devkitPro/devkitARM/bin/../lib/gcc/arm-none-eabi/14.1.0/../../../../arm-none-eabi/lib/thumb\libstdc++.a(eh_alloc.o)
                              F:/devkitPro/devkitARM/bin/../lib/gcc/arm-none-eabi/14.1.0/../../../../arm-none-eabi/lib/thumb\libstdc++.a(atomicity.o) (__cxa_allocate_exception)
F:/devkitPro/devkitARM/bin/../lib/gcc/arm-none-eabi/14.1.0/../../../../arm-none-eabi/lib/thumb\libstdc++.a(eh_exception.o)
                              F:/devkitPro/devkitARM/bin/../lib/gcc/arm-none-eabi/14.1.0/../../../../arm-none-eabi/lib/thumb\libstdc++.a(atomicity.o) (std::exception::~exception())
F:/devkitPro/devkitARM/bin/../lib/gcc/arm-none-eabi/14.1.0/../../../../arm-none-eabi/lib/thumb\libstdc++.a(eh_personality.o)
                              F:/devkitPro/devkitARM/bin/../lib/gcc/arm-none-eabi/14.1.0/../../../../arm-none-eabi/lib/thumb\libstdc++.a(atomicity.o) (__gxx_personality_v0)
F:/devkitPro/devkitARM/bin/../lib/gcc/arm-none-eabi/14.1.0/../../../../arm-none-eabi/lib/thumb\libstdc++.a(eh_terminate.o)
                              F:/devkitPro/devkitARM/bin/../lib/gcc/arm-none-eabi/14.1.0/../../../../arm-none-eabi/lib/thumb\libstdc++.a(eh_alloc.o) (std::terminate())
F:/devkitPro/devkitARM/bin/../lib/gcc/arm-none-eabi/14.1.0/../../../../arm-none-eabi/lib/thumb\libstdc++.a(eh_throw.o)
                              F:/devkitPro/devkitARM/bin/../lib/gcc/arm-none-eabi/14.1.0/../../../../arm-none-eabi/lib/thumb\libstdc++.a(atomicity.o) (__cxa_throw)
F:/devkitPro/devkitARM/bin/../lib/gcc/arm-none-eabi/14.1.0/../../../../arm-none-eabi/lib/thumb\libstdc++.a(eh_unex_handler.o)
                              F:/devkitPro/devkitARM/bin/../lib/gcc/arm-none-eabi/14.1.0/../../../../arm-none-eabi/lib/thumb\libstdc++.a(eh_terminate.o) (__cxxabiv1::__unexpected_handler)
F:/devkitPro/devkitARM/bin/../lib/gcc/arm-none-eabi/14.1.0/../../../../arm-none-eabi/lib/thumb\libstdc++.a(guard.o)
                              F:/devkitPro/devkitARM/bin/../lib/gcc/arm-none-eabi/14.1.0/../../../../arm-none-eabi/lib/thumb\libstdc++.a(atomicity.o) (__cxa_guard_acquire)
F:/devkitPro/devkitARM/bin/../lib/gcc/arm-none-eabi/14.1.0/../../../../arm-none-eabi/lib/thumb\libstdc++.a(guard_error.o)
                              F:/devkitPro/devkitARM/bin/../lib/gcc/arm-none-eabi/14.1.0/../../../../arm-none-eabi/lib/thumb\libstdc++.a(guard.o) (__gnu_cxx::recursive_init_error::~recursive_init_error())
F:/devkitPro/devkitARM/bin/../lib/gcc/arm-none-eabi/14.1.0/../../../../arm-none-eabi/lib/thumb\libstdc++.a(new_op.o)
                              GBAEngine.o (operator new(unsigned int))
F:/devkitPro/devkitARM/bin/../lib/gcc/arm-none-eabi/14.1.0/../../../../arm-none-eabi/lib/thumb\libstdc++.a(si_class_type_info.o)
                              F:/devkitPro/devkitARM/bin/../lib/gcc/arm-none-eabi/14.1.0/../../../../arm-none-eabi/lib/thumb\libstdc++.a(atomicity.o) (vtable for __cxxabiv1::__si_class_type_info)
F:/devkitPro/devkitARM/bin/../lib/gcc/arm-none-eabi/14.1.0/../../../../arm-none-eabi/lib/thumb\libstdc++.a(tinfo.o)
                              F:/devkitPro/devkitARM/bin/../lib/gcc/arm-none-eabi/14.1.0/../../../../arm-none-eabi/lib/thumb\libstdc++.a(si_class_type_info.o) (std::type_info::__is_pointer_p() const)
F:/devkitPro/devkitARM/bin/../lib/gcc/arm-none-eabi/14.1.0/../../../../arm-none-eabi/lib/thumb\libstdc++.a(tree.o)
                              EntityManager.o (std::_Rb_tree_increment(std::_Rb_tree_node_base const*))
F:/devkitPro/devkitARM/bin/../lib/gcc/arm-none-eabi/14.1.0/../../../../arm-none-eabi/lib/thumb\libstdc++.a(functexcept.o)
                              EntityManager.o (std::__throw_bad_alloc())
F:/devkitPro/devkitARM/bin/../lib/gcc/arm-none-eabi/14.1.0/../../../../arm-none-eabi/lib/thumb\libstdc++.a(shared_ptr.o)
                              GBAEngine.o (std::_Sp_make_shared_tag::_S_eq(std::type_info const&))
F:/devkitPro/devkitARM/bin/../lib/gcc/arm-none-eabi/14.1.0/../../../../arm-none-eabi/lib/thumb\libstdc++.a(bad_alloc.o)
                              F:/devkitPro/devkitARM/bin/../lib/gcc/arm-none-eabi/14.1.0/../../../../arm-none-eabi/lib/thumb\libstdc++.a(new_op.o) (vtable for std::bad_alloc)
F:/devkitPro/devkitARM/bin/../lib/gcc/arm-none-eabi/14.1.0/../../../../arm-none-eabi/lib/thumb\libstdc++.a(bad_array_new.o)
                              F:/devkitPro/devkitARM/bin/../lib/gcc/arm-none-eabi/14.1.0/../../../../arm-none-eabi/lib/thumb\libstdc++.a(functexcept.o) (vtable for std::bad_array_new_length)
[...]
Memory Configuration

Name             Origin             Length             Attributes
rom              0x08000000         0x02000000
iwram            0x03000000         0x00008000
ewram            0x02000000         0x00040000
*default*        0x00000000         0xffffffff

Linker script and memory map

                0x08001ad0                        __sync_synchronize = __sync_synchronize_none
                0x08000000                        __text_start = ORIGIN (rom)
                0x02040000                        __eheap_end = (ORIGIN (ewram) + LENGTH (ewram))
                0x03000000                        __iwram_start = ORIGIN (iwram)
                0x03008000                        __iwram_top = (ORIGIN (iwram) + LENGTH (iwram))
                0x03007fa0                        __sp_irq = (__iwram_top - 0x60)
                0x03007f00                        __sp_usr = (__sp_irq - 0xa0)
                0x03007ff8                        __irq_flags = 0x3007ff8
                0x08000000                        . = __text_start

.crt0           0x08000000      0x210
 *(.crt0)
 .crt0          0x08000000      0x210 F:/devkitPro/devkitARM/bin/../lib/gcc/arm-none-eabi/14.1.0/../../../../arm-none-eabi/lib/thumb/gba_crt0.o
                0x08000000                _start
                0x080000c4                __boot_method
                0x080000c5                __slave_number
                0x080000e0                start_vector
                0x08000210                        . = ALIGN (0x4)

.init           0x08000210        0xc
 *(SORT_NONE(.init))
 .init          0x08000210        0x4 F:/devkitPro/devkitARM/bin/../lib/gcc/arm-none-eabi/14.1.0/thumb/crti.o
                0x08000210                _init
 .init          0x08000214        0x8 F:/devkitPro/devkitARM/bin/../lib/gcc/arm-none-eabi/14.1.0/thumb/crtn.o

.plt            0x0800021c        0x0
 *(.plt)
                0x0800021c                        . = ALIGN (0x4)

.text           0x08000220     0x3db0
 *(EXCLUDE_FILE(*.iwram*) .text*)
 .text.__do_global_dtors_aux
                0x08000220       0x2c F:/devkitPro/devkitARM/bin/../lib/gcc/arm-none-eabi/14.1.0/thumb/crtbegin.o
 .text.frame_dummy
                0x0800024c       0x24 F:/devkitPro/devkitARM/bin/../lib/gcc/arm-none-eabi/14.1.0/thumb/crtbegin.o
 .text._ZNK9__gnu_cxx24__concurrence_lock_error4whatEv
                0x08000270        0x8 F:/devkitPro/devkitARM/bin/../lib/gcc/arm-none-eabi/14.1.0/../../../../arm-none-eabi/lib/thumb\libstdc++.a(atomicity.o)
                0x08000270                __gnu_cxx::__concurrence_lock_error::what() const
 .text._ZNK9__gnu_cxx26__concurrence_unlock_error4whatEv
                0x08000278        0x8 F:/devkitPro/devkitARM/bin/../lib/gcc/arm-none-eabi/14.1.0/../../../../arm-none-eabi/lib/thumb\libstdc++.a(atomicity.o)
                0x08000278                __gnu_cxx::__concurrence_unlock_error::what() const
 .text._ZN9__gnu_cxx24__concurrence_lock_errorD2Ev
                0x08000280       0x18 F:/devkitPro/devkitARM/bin/../lib/gcc/arm-none-eabi/14.1.0/../../../../arm-none-eabi/lib/thumb\libstdc++.a(atomicity.o)
                0x08000280                __gnu_cxx::__concurrence_lock_error::~__concurrence_lock_error()
                0x08000280                __gnu_cxx::__concurrence_lock_error::~__concurrence_lock_error()
 .text._ZN9__gnu_cxx24__concurrence_lock_errorD0Ev
                0x08000298       0x20 F:/devkitPro/devkitARM/bin/../lib/gcc/arm-none-eabi/14.1.0/../../../../arm-none-eabi/lib/thumb\libstdc++.a(atomicity.o)
                0x08000298                __gnu_cxx::__concurrence_lock_error::~__concurrence_lock_error()
 .text._ZN9__gnu_cxx26__concurrence_unlock_errorD2Ev
                0x080002b8       0x18 F:/devkitPro/devkitARM/bin/../lib/gcc/arm-none-eabi/14.1.0/../../../../arm-none-eabi/lib/thumb\libstdc++.a(atomicity.o)
                0x080002b8                __gnu_cxx::__concurrence_unlock_error::~__concurrence_unlock_error()
                0x080002b8                __gnu_cxx::__concurrence_unlock_error::~__concurrence_unlock_error()
 .text._ZN9__gnu_cxx26__concurrence_unlock_errorD0Ev
                0x080002d0       0x20 F:/devkitPro/devkitARM/bin/../lib/gcc/arm-none-eabi/14.1.0/../../../../arm-none-eabi/lib/thumb\libstdc++.a(atomicity.o)
                0x080002d0                __gnu_cxx::__concurrence_unlock_error::~__concurrence_unlock_error()
 .text._ZN9__gnu_cxx18__exchange_and_addEPVii
                0x080002f0       0x9c F:/devkitPro/devkitARM/bin/../lib/gcc/arm-none-eabi/14.1.0/../../../../arm-none-eabi/lib/thumb\libstdc++.a(atomicity.o)
                0x080002f0                __gnu_cxx::__exchange_and_add(int volatile*, int)
 .text._ZdlPvj  0x0800038c        0xc F:/devkitPro/devkitARM/bin/../lib/gcc/arm-none-eabi/14.1.0/../../../../arm-none-eabi/lib/thumb\libstdc++.a(del_ops.o)
                0x0800038c                operator delete(void*, unsigned int)
 .text.unlikely._ZN9__gnu_cxx30__throw_concurrence_lock_errorEv
                0x08000398       0x20 F:/devkitPro/devkitARM/bin/../lib/gcc/arm-none-eabi/14.1.0/../../../../arm-none-eabi/lib/thumb\libstdc++.a(eh_alloc.o)
                0x08000398                __gnu_cxx::__throw_concurrence_lock_error()
 .text.unlikely._ZN9__gnu_cxx32__throw_concurrence_unlock_errorEv
                0x080003b8       0x20 F:/devkitPro/devkitARM/bin/../lib/gcc/arm-none-eabi/14.1.0/../../../../arm-none-eabi/lib/thumb\libstdc++.a(eh_alloc.o)
                0x080003b8                __gnu_cxx::__throw_concurrence_unlock_error()
 .text._ZN12_GLOBAL__N_14pool4freeEPv.constprop.0
                0x080003d8       0xac F:/devkitPro/devkitARM/bin/../lib/gcc/arm-none-eabi/14.1.0/../../../../arm-none-eabi/lib/thumb\libstdc++.a(eh_alloc.o)
 .text._ZN12_GLOBAL__N_14pool8allocateEj.constprop.0
                0x08000484       0x88 F:/devkitPro/devkitARM/bin/../lib/gcc/arm-none-eabi/14.1.0/../../../../arm-none-eabi/lib/thumb\libstdc++.a(eh_alloc.o)
 .text.__cxa_allocate_exception
                0x0800050c       0x30 F:/devkitPro/devkitARM/bin/../lib/gcc/arm-none-eabi/14.1.0/../../../../arm-none-eabi/lib/thumb\libstdc++.a(eh_alloc.o)
                0x0800050c                __cxa_allocate_exception
 .text.__cxa_free_exception
                0x0800053c       0x28 F:/devkitPro/devkitARM/bin/../lib/gcc/arm-none-eabi/14.1.0/../../../../arm-none-eabi/lib/thumb\libstdc++.a(eh_alloc.o)
                0x0800053c                __cxa_free_exception
 .text.startup._GLOBAL__sub_I__ZN9__gnu_cxx9__freeresEv
                0x08000564      0x12c F:/devkitPro/devkitARM/bin/../lib/gcc/arm-none-eabi/14.1.0/../../../../arm-none-eabi/lib/thumb\libstdc++.a(eh_alloc.o)
 .text._ZNSt9exceptionD2Ev
                0x08000690        0x4 F:/devkitPro/devkitARM/bin/../lib/gcc/arm-none-eabi/14.1.0/../../../../arm-none-eabi/lib/thumb\libstdc++.a(eh_exception.o)
                0x08000690                std::exception::~exception()
                0x08000690                std::exception::~exception()
 .text._ZNSt13bad_exceptionD2Ev
                0x08000694        0x4 F:/devkitPro/devkitARM/bin/../lib/gcc/arm-none-eabi/14.1.0/../../../../arm-none-eabi/lib/thumb\libstdc++.a(eh_exception.o)
                0x08000694                std::bad_exception::~bad_exception()
                0x08000694                std::bad_exception::~bad_exception()
 .text._ZNKSt9exception4whatEv
                0x08000698        0x8 F:/devkitPro/devkitARM/bin/../lib/gcc/arm-none-eabi/14.1.0/../../../../arm-none-eabi/lib/thumb\libstdc++.a(eh_exception.o)
                0x08000698                std::exception::what() const
                0x08000698                transaction clone for std::exception::what() const
 .text._ZNKSt13bad_exception4whatEv
                0x080006a0        0x8 F:/devkitPro/devkitARM/bin/../lib/gcc/arm-none-eabi/14.1.0/../../../../arm-none-eabi/lib/thumb\libstdc++.a(eh_exception.o)
                0x080006a0                std::bad_exception::what() const
                0x080006a0                transaction clone for std::bad_exception::what() const
 .text._ZNSt13bad_exceptionD0Ev
                0x080006a8       0x14 F:/devkitPro/devkitARM/bin/../lib/gcc/arm-none-eabi/14.1.0/../../../../arm-none-eabi/lib/thumb\libstdc++.a(eh_exception.o)
                0x080006a8                std::bad_exception::~bad_exception()
 .text._ZL28read_encoded_value_with_basehjPKhPj
                0x080006bc      0x104 F:/devkitPro/devkitARM/bin/../lib/gcc/arm-none-eabi/14.1.0/../../../../arm-none-eabi/lib/thumb\libstdc++.a(eh_personality.o)
 .text._ZL21base_of_encoded_valuehP15_Unwind_Context
                0x080007c0       0x44 F:/devkitPro/devkitARM/bin/../lib/gcc/arm-none-eabi/14.1.0/../../../../arm-none-eabi/lib/thumb\libstdc++.a(eh_personality.o)
 .text._ZL17parse_lsda_headerP15_Unwind_ContextPKhP16lsda_header_info
                0x08000804       0x94 F:/devkitPro/devkitARM/bin/../lib/gcc/arm-none-eabi/14.1.0/../../../../arm-none-eabi/lib/thumb\libstdc++.a(eh_personality.o)
 .text.__gxx_personality_v0
                0x08000898      0x4f0 F:/devkitPro/devkitARM/bin/../lib/gcc/arm-none-eabi/14.1.0/../../../../arm-none-eabi/lib/thumb\libstdc++.a(eh_personality.o)
                0x08000898                __gxx_personality_v0
 .text._ZN10__cxxabiv111__terminateEPFvvE
                0x08000d88       0x14 F:/devkitPro/devkitARM/bin/../lib/gcc/arm-none-eabi/14.1.0/../../../../arm-none-eabi/lib/thumb\libstdc++.a(eh_terminate.o)
                0x08000d88                __cxxabiv1::__terminate(void (*)())
 .text._ZSt13get_terminatev
                0x08000d9c       0x40 F:/devkitPro/devkitARM/bin/../lib/gcc/arm-none-eabi/14.1.0/../../../../arm-none-eabi/lib/thumb\libstdc++.a(eh_terminate.o)
                0x08000d9c                std::get_terminate()
 .text.unlikely._ZSt9terminatev
                0x08000ddc        0xa F:/devkitPro/devkitARM/bin/../lib/gcc/arm-none-eabi/14.1.0/../../../../arm-none-eabi/lib/thumb\libstdc++.a(eh_terminate.o)
                0x08000ddc                std::terminate()
 *fill*         0x08000de6        0x2 ff
 .text._ZN10__cxxabiv112__unexpectedEPFvvE
                0x08000de8        0xc F:/devkitPro/devkitARM/bin/../lib/gcc/arm-none-eabi/14.1.0/../../../../arm-none-eabi/lib/thumb\libstdc++.a(eh_terminate.o)
                0x08000de8                __cxxabiv1::__unexpected(void (*)())
 .text._ZSt14get_unexpectedv
                0x08000df4       0x40 F:/devkitPro/devkitARM/bin/../lib/gcc/arm-none-eabi/14.1.0/../../../../arm-none-eabi/lib/thumb\libstdc++.a(eh_terminate.o)
                0x08000df4                std::get_unexpected()
 .text.unlikely._ZSt10unexpectedv
                0x08000e34        0xa F:/devkitPro/devkitARM/bin/../lib/gcc/arm-none-eabi/14.1.0/../../../../arm-none-eabi/lib/thumb\libstdc++.a(eh_terminate.o)
                0x08000e34                std::unexpected()
 *fill*         0x08000e3e        0x2 ff
 .text.startup._GLOBAL__sub_I__ZN10__cxxabiv111__terminateEPFvvE
                0x08000e40       0x18 F:/devkitPro/devkitARM/bin/../lib/gcc/arm-none-eabi/14.1.0/../../../../arm-none-eabi/lib/thumb\libstdc++.a(eh_terminate.o)
 .text._ZL23__gxx_exception_cleanup19_Unwind_Reason_CodeP21_Unwind_Control_Block
                0x08000e58       0x58 F:/devkitPro/devkitARM/bin/../lib/gcc/arm-none-eabi/14.1.0/../../../../arm-none-eabi/lib/thumb\libstdc++.a(eh_throw.o)
 .text.__cxa_init_primary_exception
                0x08000eb0       0x50 F:/devkitPro/devkitARM/bin/../lib/gcc/arm-none-eabi/14.1.0/../../../../arm-none-eabi/lib/thumb\libstdc++.a(eh_throw.o)
                0x08000eb0                __cxa_init_primary_exception
 .text.__cxa_throw
                0x08000f00       0x34 F:/devkitPro/devkitARM/bin/../lib/gcc/arm-none-eabi/14.1.0/../../../../arm-none-eabi/lib/thumb\libstdc++.a(eh_throw.o)
                0x08000f00                __cxa_throw
 .text.__cxa_rethrow
                0x08000f34       0x70 F:/devkitPro/devkitARM/bin/../lib/gcc/arm-none-eabi/14.1.0/../../../../arm-none-eabi/lib/thumb\libstdc++.a(eh_throw.o)
                0x08000f34                __cxa_rethrow
 .text._ZNK9__gnu_cxx29__concurrence_broadcast_error4whatEv
                0x08000fa4        0x8 F:/devkitPro/devkitARM/bin/../lib/gcc/arm-none-eabi/14.1.0/../../../../arm-none-eabi/lib/thumb\libstdc++.a(guard.o)
                0x08000fa4                __gnu_cxx::__concurrence_broadcast_error::what() const
 .text._ZNK9__gnu_cxx24__concurrence_wait_error4whatEv
                0x08000fac        0x8 F:/devkitPro/devkitARM/bin/../lib/gcc/arm-none-eabi/14.1.0/../../../../arm-none-eabi/lib/thumb\libstdc++.a(guard.o)
                0x08000fac                __gnu_cxx::__concurrence_wait_error::what() const
 .text._ZN12_GLOBAL__N_1L4initEv
                0x08000fb4       0x20 F:/devkitPro/devkitARM/bin/../lib/gcc/arm-none-eabi/14.1.0/../../../../arm-none-eabi/lib/thumb\libstdc++.a(guard.o)
 .text._ZN12_GLOBAL__N_1L16init_static_condEv
                0x08000fd4       0x18 F:/devkitPro/devkitARM/bin/../lib/gcc/arm-none-eabi/14.1.0/../../../../arm-none-eabi/lib/thumb\libstdc++.a(guard.o)
 .text._ZN9__gnu_cxx24__concurrence_wait_errorD2Ev
                0x08000fec       0x18 F:/devkitPro/devkitARM/bin/../lib/gcc/arm-none-eabi/14.1.0/../../../../arm-none-eabi/lib/thumb\libstdc++.a(guard.o)
                0x08000fec                __gnu_cxx::__concurrence_wait_error::~__concurrence_wait_error()
                0x08000fec                __gnu_cxx::__concurrence_wait_error::~__concurrence_wait_error()
 .text._ZN9__gnu_cxx24__concurrence_wait_errorD0Ev
                0x08001004       0x20 F:/devkitPro/devkitARM/bin/../lib/gcc/arm-none-eabi/14.1.0/../../../../arm-none-eabi/lib/thumb\libstdc++.a(guard.o)
                0x08001004                __gnu_cxx::__concurrence_wait_error::~__concurrence_wait_error()
 .text._ZN9__gnu_cxx29__concurrence_broadcast_errorD2Ev
                0x08001024       0x18 F:/devkitPro/devkitARM/bin/../lib/gcc/arm-none-eabi/14.1.0/../../../../arm-none-eabi/lib/thumb\libstdc++.a(guard.o)
                0x08001024                __gnu_cxx::__concurrence_broadcast_error::~__concurrence_broadcast_error()
                0x08001024                __gnu_cxx::__concurrence_broadcast_error::~__concurrence_broadcast_error()
 .text._ZN9__gnu_cxx29__concurrence_broadcast_errorD0Ev
                0x0800103c       0x20 F:/devkitPro/devkitARM/bin/../lib/gcc/arm-none-eabi/14.1.0/../../../../arm-none-eabi/lib/thumb\libstdc++.a(guard.o)
                0x0800103c                __gnu_cxx::__concurrence_broadcast_error::~__concurrence_broadcast_error()
 .text.unlikely._ZN9__gnu_cxx35__throw_concurrence_broadcast_errorEv
                0x0800105c       0x20 F:/devkitPro/devkitARM/bin/../lib/gcc/arm-none-eabi/14.1.0/../../../../arm-none-eabi/lib/thumb\libstdc++.a(guard.o)
                0x0800105c                __gnu_cxx::__throw_concurrence_broadcast_error()
 .text.__cxa_guard_acquire
                0x0800107c      0x12c F:/devkitPro/devkitARM/bin/../lib/gcc/arm-none-eabi/14.1.0/../../../../arm-none-eabi/lib/thumb\libstdc++.a(guard.o)
                0x0800107c                __cxa_guard_acquire
 .text.__cxa_guard_release
                0x080011a8       0x80 F:/devkitPro/devkitARM/bin/../lib/gcc/arm-none-eabi/14.1.0/../../../../arm-none-eabi/lib/thumb\libstdc++.a(guard.o)
                0x080011a8                __cxa_guard_release
 .text._ZN9__gnu_cxx20recursive_init_errorD2Ev
                0x08001228       0x18 F:/devkitPro/devkitARM/bin/../lib/gcc/arm-none-eabi/14.1.0/../../../../arm-none-eabi/lib/thumb\libstdc++.a(guard_error.o)
                0x08001228                __gnu_cxx::recursive_init_error::~recursive_init_error()
                0x08001228                __gnu_cxx::recursive_init_error::~recursive_init_error()
 .text._ZN9__gnu_cxx20recursive_init_errorD0Ev
                0x08001240       0x20 F:/devkitPro/devkitARM/bin/../lib/gcc/arm-none-eabi/14.1.0/../../../../arm-none-eabi/lib/thumb\libstdc++.a(guard_error.o)
                0x08001240                __gnu_cxx::recursive_init_error::~recursive_init_error()
 .text._ZN9__gnu_cxx20recursive_init_errorC2Ev
                0x08001260        0xc F:/devkitPro/devkitARM/bin/../lib/gcc/arm-none-eabi/14.1.0/../../../../arm-none-eabi/lib/thumb\libstdc++.a(guard_error.o)
                0x08001260                __gnu_cxx::recursive_init_error::recursive_init_error()
                0x08001260                __gnu_cxx::recursive_init_error::recursive_init_error()
 .text._ZN10__cxxabiv120__si_class_type_infoD2Ev
                0x0800126c       0x18 F:/devkitPro/devkitARM/bin/../lib/gcc/arm-none-eabi/14.1.0/../../../../arm-none-eabi/lib/thumb\libstdc++.a(si_class_type_info.o)
                0x0800126c                __cxxabiv1::__si_class_type_info::~__si_class_type_info()
                0x0800126c                __cxxabiv1::__si_class_type_info::~__si_class_type_info()
 .text._ZN10__cxxabiv120__si_class_type_infoD0Ev
                0x08001284       0x20 F:/devkitPro/devkitARM/bin/../lib/gcc/arm-none-eabi/14.1.0/../../../../arm-none-eabi/lib/thumb\libstdc++.a(si_class_type_info.o)
                0x08001284                __cxxabiv1::__si_class_type_info::~__si_class_type_info()
 .text._ZNK10__cxxabiv120__si_class_type_info12__do_dyncastEiNS_17__class_type_info10__sub_kindEPKS1_PKvS4_S6_RNS1_16__dyncast_resultE
                0x080012a4       0xd8 F:/devkitPro/devkitARM/bin/../lib/gcc/arm-none-eabi/14.1.0/../../../../arm-none-eabi/lib/thumb\libstdc++.a(si_class_type_info.o)
                0x080012a4                __cxxabiv1::__si_class_type_info::__do_dyncast(int, __cxxabiv1::__class_type_info::__sub_kind, __cxxabiv1::__class_type_info const*, void const*, __cxxabiv1::__class_type_info const*, void const*, __cxxabiv1::__class_type_info::__dyncast_result&) const
 .text._ZNK10__cxxabiv120__si_class_type_info20__do_find_public_srcEiPKvPKNS_17__class_type_infoES2_
                0x0800137c       0x5c F:/devkitPro/devkitARM/bin/../lib/gcc/arm-none-eabi/14.1.0/../../../../arm-none-eabi/lib/thumb\libstdc++.a(si_class_type_info.o)
                0x0800137c                __cxxabiv1::__si_class_type_info::__do_find_public_src(int, void const*, __cxxabiv1::__class_type_info const*, void const*) const
 .text._ZNK10__cxxabiv120__si_class_type_info11__do_upcastEPKNS_17__class_type_infoEPKvRNS1_15__upcast_resultE
                0x080013d8       0x2c F:/devkitPro/devkitARM/bin/../lib/gcc/arm-none-eabi/14.1.0/../../../../arm-none-eabi/lib/thumb\libstdc++.a(si_class_type_info.o)
                0x080013d8                __cxxabiv1::__si_class_type_info::__do_upcast(__cxxabiv1::__class_type_info const*, void const*, __cxxabiv1::__class_type_info::__upcast_result&) const
 .text._ZNSt9type_infoD2Ev
                0x08001404        0x4 F:/devkitPro/devkitARM/bin/../lib/gcc/arm-none-eabi/14.1.0/../../../../arm-none-eabi/lib/thumb\libstdc++.a(tinfo.o)
                0x08001404                std::type_info::~type_info()
                0x08001404                std::type_info::~type_info()
 .text._ZNKSt9type_info14__is_pointer_pEv
                0x08001408        0x4 F:/devkitPro/devkitARM/bin/../lib/gcc/arm-none-eabi/14.1.0/../../../../arm-none-eabi/lib/thumb\libstdc++.a(tinfo.o)
                0x08001408                std::type_info::__is_pointer_p() const
                0x08001408                std::type_info::__is_function_p() const
 .text._ZNK10__cxxabiv117__class_type_info11__do_upcastEPKS0_PPv
                0x0800140c       0x3c F:/devkitPro/devkitARM/bin/../lib/gcc/arm-none-eabi/14.1.0/../../../../arm-none-eabi/lib/thumb\libstdc++.a(class_type_info.o)
                0x0800140c                __cxxabiv1::__class_type_info::__do_upcast(__cxxabiv1::__class_type_info const*, void**) const
 .text._ZNK10__cxxabiv117__class_type_info20__do_find_public_srcEiPKvPKS0_S2_
                0x08001448       0x14 F:/devkitPro/devkitARM/bin/../lib/gcc/arm-none-eabi/14.1.0/../../../../arm-none-eabi/lib/thumb\libstdc++.a(class_type_info.o)
                0x08001448                __cxxabiv1::__class_type_info::__do_find_public_src(int, void const*, __cxxabiv1::__class_type_info const*, void const*) const
 .text._ZN10__cxxabiv117__class_type_infoD2Ev
                0x0800145c       0x18 F:/devkitPro/devkitARM/bin/../lib/gcc/arm-none-eabi/14.1.0/../../../../arm-none-eabi/lib/thumb\libstdc++.a(class_type_info.o)
                0x0800145c                __cxxabiv1::__class_type_info::~__class_type_info()
                0x0800145c                __cxxabiv1::__class_type_info::~__class_type_info()
 .text._ZN10__cxxabiv117__class_type_infoD0Ev
                0x08001474       0x20 F:/devkitPro/devkitARM/bin/../lib/gcc/arm-none-eabi/14.1.0/../../../../arm-none-eabi/lib/thumb\libstdc++.a(class_type_info.o)
                0x08001474                __cxxabiv1::__class_type_info::~__class_type_info()
 .text._ZNK10__cxxabiv117__class_type_info11__do_upcastEPKS0_PKvRNS0_15__upcast_resultE
                0x08001494       0x3c F:/devkitPro/devkitARM/bin/../lib/gcc/arm-none-eabi/14.1.0/../../../../arm-none-eabi/lib/thumb\libstdc++.a(class_type_info.o)
                0x08001494                __cxxabiv1::__class_type_info::__do_upcast(__cxxabiv1::__class_type_info const*, void const*, __cxxabiv1::__class_type_info::__upcast_result&) const
 .text._ZNK10__cxxabiv117__class_type_info10__do_catchEPKSt9type_infoPPvj
                0x080014d0       0x54 F:/devkitPro/devkitARM/bin/../lib/gcc/arm-none-eabi/14.1.0/../../../../arm-none-eabi/lib/thumb\libstdc++.a(class_type_info.o)
                0x080014d0                __cxxabiv1::__class_type_info::__do_catch(std::type_info const*, void**, unsigned int) const
 .text._ZNK10__cxxabiv117__class_type_info12__do_dyncastEiNS0_10__sub_kindEPKS0_PKvS3_S5_RNS0_16__dyncast_resultE
                0x08001524       0x80 F:/devkitPro/devkitARM/bin/../lib/gcc/arm-none-eabi/14.1.0/../../../../arm-none-eabi/lib/thumb\libstdc++.a(class_type_info.o)
                0x08001524                __cxxabiv1::__class_type_info::__do_dyncast(int, __cxxabiv1::__class_type_info::__sub_kind, __cxxabiv1::__class_type_info const*, void const*, __cxxabiv1::__class_type_info const*, void const*, __cxxabiv1::__class_type_info::__dyncast_result&) const
 .text._ZdlPv   0x080015a4        0xc F:/devkitPro/devkitARM/bin/../lib/gcc/arm-none-eabi/14.1.0/../../../../arm-none-eabi/lib/thumb\libstdc++.a(del_op.o)
                0x080015a4                operator delete(void*)
 .text.__cxa_end_cleanup
                0x080015b0        0xc F:/devkitPro/devkitARM/bin/../lib/gcc/arm-none-eabi/14.1.0/../../../../arm-none-eabi/lib/thumb\libstdc++.a(eh_arm.o)
                0x080015b0                __cxa_end_cleanup
 .text.__cxa_type_match
                0x080015bc       0xcc F:/devkitPro/devkitARM/bin/../lib/gcc/arm-none-eabi/14.1.0/../../../../arm-none-eabi/lib/thumb\libstdc++.a(eh_arm.o)
                0x080015bc                __cxa_type_match
 .text.__cxa_begin_cleanup
                0x08001688       0x64 F:/devkitPro/devkitARM/bin/../lib/gcc/arm-none-eabi/14.1.0/../../../../arm-none-eabi/lib/thumb\libstdc++.a(eh_arm.o)
                0x08001688                __cxa_begin_cleanup
 .text.__gnu_end_cleanup
                0x080016ec       0x74 F:/devkitPro/devkitARM/bin/../lib/gcc/arm-none-eabi/14.1.0/../../../../arm-none-eabi/lib/thumb\libstdc++.a(eh_arm.o)
                0x080016ec                __gnu_end_cleanup
 .text.unlikely._ZN10__cxxabiv1L24__is_gxx_exception_classEPc
                0x08001760       0x38 F:/devkitPro/devkitARM/bin/../lib/gcc/arm-none-eabi/14.1.0/../../../../arm-none-eabi/lib/thumb\libstdc++.a(eh_call.o)
 .text.unlikely.__cxa_call_terminate
                0x08001798       0x20 F:/devkitPro/devkitARM/bin/../lib/gcc/arm-none-eabi/14.1.0/../../../../arm-none-eabi/lib/thumb\libstdc++.a(eh_call.o)
                0x08001798                __cxa_call_terminate
 .text.unlikely.__cxa_call_unexpected
                0x080017b8       0xfc F:/devkitPro/devkitARM/bin/../lib/gcc/arm-none-eabi/14.1.0/../../../../arm-none-eabi/lib/thumb\libstdc++.a(eh_call.o)
                0x080017b8                __cxa_call_unexpected
 .text.__cxa_begin_catch
                0x080018b4       0x78 F:/devkitPro/devkitARM/bin/../lib/gcc/arm-none-eabi/14.1.0/../../../../arm-none-eabi/lib/thumb\libstdc++.a(eh_catch.o)
                0x080018b4                __cxa_begin_catch
 .text.__cxa_end_catch
                0x0800192c       0x94 F:/devkitPro/devkitARM/bin/../lib/gcc/arm-none-eabi/14.1.0/../../../../arm-none-eabi/lib/thumb\libstdc++.a(eh_catch.o)
                0x0800192c                __cxa_end_catch
 .text._ZL15eh_globals_dtorPv
                0x080019c0       0x28 F:/devkitPro/devkitARM/bin/../lib/gcc/arm-none-eabi/14.1.0/../../../../arm-none-eabi/lib/thumb\libstdc++.a(eh_globals.o)
 .text.__cxa_get_globals_fast
                0x080019e8       0x28 F:/devkitPro/devkitARM/bin/../lib/gcc/arm-none-eabi/14.1.0/../../../../arm-none-eabi/lib/thumb\libstdc++.a(eh_globals.o)
                0x080019e8                __cxa_get_globals_fast
 .text.__cxa_get_globals
                0x08001a10       0x50 F:/devkitPro/devkitARM/bin/../lib/gcc/arm-none-eabi/14.1.0/../../../../arm-none-eabi/lib/thumb\libstdc++.a(eh_globals.o)
                0x08001a10                __cxa_get_globals
 .text.startup._GLOBAL__sub_I__ZN17__eh_globals_init7_S_initE
                0x08001a60       0x30 F:/devkitPro/devkitARM/bin/../lib/gcc/arm-none-eabi/14.1.0/../../../../arm-none-eabi/lib/thumb\libstdc++.a(eh_globals.o)
 .text.exit._GLOBAL__sub_D__ZN17__eh_globals_init7_S_initE
                0x08001a90       0x28 F:/devkitPro/devkitARM/bin/../lib/gcc/arm-none-eabi/14.1.0/../../../../arm-none-eabi/lib/thumb\libstdc++.a(eh_globals.o)
 .text.startup._GLOBAL__sub_I__ZSt7nothrow
                0x08001ab8       0x18 F:/devkitPro/devkitARM/bin/../lib/gcc/arm-none-eabi/14.1.0/../../../../arm-none-eabi/lib/thumb\libstdc++.a(new_handler.o)
 .text          0x08001ad0        0x4 F:/devkitPro/devkitARM/bin/../lib/gcc/arm-none-eabi/14.1.0/thumb\libgcc.a(_sync_none.o)
                0x08001ad0                __sync_synchronize_none
 .text.selfrel_offset31
                0x08001ad4       0x18 F:/devkitPro/devkitARM/bin/../lib/gcc/arm-none-eabi/14.1.0/thumb\libgcc.a(unwind-arm.o)
 .text.search_EIT_table
                0x08001aec       0x74 F:/devkitPro/devkitARM/bin/../lib/gcc/arm-none-eabi/14.1.0/thumb\libgcc.a(unwind-arm.o)
 .text.__gnu_unwind_get_pr_addr
                0x08001b60       0x28 F:/devkitPro/devkitARM/bin/../lib/gcc/arm-none-eabi/14.1.0/thumb\libgcc.a(unwind-arm.o)
 .text.get_eit_entry
                0x08001b88       0x98 F:/devkitPro/devkitARM/bin/../lib/gcc/arm-none-eabi/14.1.0/thumb\libgcc.a(unwind-arm.o)
 .text.restore_non_core_regs
                0x08001c20       0x60 F:/devkitPro/devkitARM/bin/../lib/gcc/arm-none-eabi/14.1.0/thumb\libgcc.a(unwind-arm.o)
 .text._Unwind_decode_typeinfo_ptr.constprop.0
                0x08001c80        0xc F:/devkitPro/devkitARM/bin/../lib/gcc/arm-none-eabi/14.1.0/thumb\libgcc.a(unwind-arm.o)
 .text._Unwind_DebugHook
                0x08001c8c        0x4 F:/devkitPro/devkitARM/bin/../lib/gcc/arm-none-eabi/14.1.0/thumb\libgcc.a(unwind-arm.o)
 .text.unwind_phase2
                0x08001c90       0x40 F:/devkitPro/devkitARM/bin/../lib/gcc/arm-none-eabi/14.1.0/thumb\libgcc.a(unwind-arm.o)
 .text.unwind_phase2_forced
                0x08001cd0       0xe8 F:/devkitPro/devkitARM/bin/../lib/gcc/arm-none-eabi/14.1.0/thumb\libgcc.a(unwind-arm.o)
 .text.__gnu_Unwind_RaiseException
                0x08001db8       0x5c F:/devkitPro/devkitARM/bin/../lib/gcc/arm-none-eabi/14.1.0/thumb\libgcc.a(unwind-arm.o)
                0x08001db8                __gnu_Unwind_RaiseException
 .text.__gnu_Unwind_ForcedUnwind
                0x08001e14       0x18 F:/devkitPro/devkitARM/bin/../lib/gcc/arm-none-eabi/14.1.0/thumb\libgcc.a(unwind-arm.o)
                0x08001e14                __gnu_Unwind_ForcedUnwind
 .text.__gnu_Unwind_Resume
                0x08001e2c       0x4c F:/devkitPro/devkitARM/bin/../lib/gcc/arm-none-eabi/14.1.0/thumb\libgcc.a(unwind-arm.o)
                0x08001e2c                __gnu_Unwind_Resume
 .text.__gnu_Unwind_Resume_or_Rethrow
                0x08001e78       0x20 F:/devkitPro/devkitARM/bin/../lib/gcc/arm-none-eabi/14.1.0/thumb\libgcc.a(unwind-arm.o)
                0x08001e78                __gnu_Unwind_Resume_or_Rethrow
 .text._Unwind_Complete
                0x08001e98        0x4 F:/devkitPro/devkitARM/bin/../lib/gcc/arm-none-eabi/14.1.0/thumb\libgcc.a(unwind-arm.o)
                0x08001e98                _Unwind_Complete
 .text._Unwind_DeleteException
                0x08001e9c       0x18 F:/devkitPro/devkitARM/bin/../lib/gcc/arm-none-eabi/14.1.0/thumb\libgcc.a(unwind-arm.o)
                0x08001e9c                _Unwind_DeleteException
 .text._Unwind_VRS_Get
                0x08001eb4       0x44 F:/devkitPro/devkitARM/bin/../lib/gcc/arm-none-eabi/14.1.0/thumb\libgcc.a(unwind-arm.o)
                0x08001eb4                _Unwind_VRS_Get
 .text._Unwind_GetGR
                0x08001ef8       0x1c F:/devkitPro/devkitARM/bin/../lib/gcc/arm-none-eabi/14.1.0/thumb\libgcc.a(unwind-arm.o)
 .text._Unwind_VRS_Set
                0x08001f14       0x44 F:/devkitPro/devkitARM/bin/../lib/gcc/arm-none-eabi/14.1.0/thumb\libgcc.a(unwind-arm.o)
                0x08001f14                _Unwind_VRS_Set
 .text._Unwind_SetGR
                0x08001f58       0x1c F:/devkitPro/devkitARM/bin/../lib/gcc/arm-none-eabi/14.1.0/thumb\libgcc.a(unwind-arm.o)
 .text.__gnu_Unwind_Backtrace
                0x08001f74       0x8c F:/devkitPro/devkitARM/bin/../lib/gcc/arm-none-eabi/14.1.0/thumb\libgcc.a(unwind-arm.o)
                0x08001f74                __gnu_Unwind_Backtrace
 .text.__gnu_unwind_pr_common
                0x08002000      0x2cc F:/devkitPro/devkitARM/bin/../lib/gcc/arm-none-eabi/14.1.0/thumb\libgcc.a(unwind-arm.o)
 .text.__aeabi_unwind_cpp_pr0
                0x080022cc       0x10 F:/devkitPro/devkitARM/bin/../lib/gcc/arm-none-eabi/14.1.0/thumb\libgcc.a(unwind-arm.o)
                0x080022cc                __aeabi_unwind_cpp_pr0
 .text.__aeabi_unwind_cpp_pr1
                0x080022dc       0x10 F:/devkitPro/devkitARM/bin/../lib/gcc/arm-none-eabi/14.1.0/thumb\libgcc.a(unwind-arm.o)
                0x080022dc                __aeabi_unwind_cpp_pr1
 .text.__aeabi_unwind_cpp_pr2
                0x080022ec       0x10 F:/devkitPro/devkitARM/bin/../lib/gcc/arm-none-eabi/14.1.0/thumb\libgcc.a(unwind-arm.o)
                0x080022ec                __aeabi_unwind_cpp_pr2
 .text._Unwind_VRS_Pop
                0x080022fc      0x2e4 F:/devkitPro/devkitARM/bin/../lib/gcc/arm-none-eabi/14.1.0/thumb\libgcc.a(unwind-arm.o)
                0x080022fc                _Unwind_VRS_Pop
 .text          0x080025e0      0x1d8 F:/devkitPro/devkitARM/bin/../lib/gcc/arm-none-eabi/14.1.0/thumb\libgcc.a(libunwind.o)
                0x080025e0                __restore_core_regs
                0x080025e0                restore_core_regs
                0x080025fc                __gnu_Unwind_Restore_VFP
                0x08002604                __gnu_Unwind_Save_VFP
                0x0800260c                __gnu_Unwind_Restore_VFP_D
                0x08002614                __gnu_Unwind_Save_VFP_D
                0x0800261c                __gnu_Unwind_Restore_VFP_D_16_to_31
                0x08002624                __gnu_Unwind_Save_VFP_D_16_to_31
                0x0800262c                __gnu_Unwind_Restore_WMMXD
                0x08002670                __gnu_Unwind_Save_WMMXD
                0x080026b4                __gnu_Unwind_Restore_WMMXC
                0x080026c8                __gnu_Unwind_Save_WMMXC
                0x080026dc                ___Unwind_RaiseException
                0x080026dc                _Unwind_RaiseException
                0x08002708                _Unwind_Resume
                0x08002708                ___Unwind_Resume
                0x08002734                _Unwind_Resume_or_Rethrow
                0x08002734                ___Unwind_Resume_or_Rethrow
                0x08002760                _Unwind_ForcedUnwind
                0x08002760                ___Unwind_ForcedUnwind
                0x0800278c                ___Unwind_Backtrace
                0x0800278c                _Unwind_Backtrace
 .text.next_unwind_byte
                0x080027b8       0x34 F:/devkitPro/devkitARM/bin/../lib/gcc/arm-none-eabi/14.1.0/thumb\libgcc.a(pr-support.o)
 .text._Unwind_GetGR.constprop.0
                0x080027ec       0x1c F:/devkitPro/devkitARM/bin/../lib/gcc/arm-none-eabi/14.1.0/thumb\libgcc.a(pr-support.o)
 .text.unwind_UCB_from_context
                0x08002808        0xc F:/devkitPro/devkitARM/bin/../lib/gcc/arm-none-eabi/14.1.0/thumb\libgcc.a(pr-support.o)
 .text.__gnu_unwind_execute
                0x08002814      0x30c F:/devkitPro/devkitARM/bin/../lib/gcc/arm-none-eabi/14.1.0/thumb\libgcc.a(pr-support.o)
                0x08002814                __gnu_unwind_execute
 .text.__gnu_unwind_frame
                0x08002b20       0x2c F:/devkitPro/devkitARM/bin/../lib/gcc/arm-none-eabi/14.1.0/thumb\libgcc.a(pr-support.o)
                0x08002b20                __gnu_unwind_frame
 .text._Unwind_GetRegionStart
                0x08002b4c       0x10 F:/devkitPro/devkitARM/bin/../lib/gcc/arm-none-eabi/14.1.0/thumb\libgcc.a(pr-support.o)
                0x08002b4c                _Unwind_GetRegionStart
 .text._Unwind_GetLanguageSpecificData
                0x08002b5c       0x18 F:/devkitPro/devkitARM/bin/../lib/gcc/arm-none-eabi/14.1.0/thumb\libgcc.a(pr-support.o)
                0x08002b5c                _Unwind_GetLanguageSpecificData
 .text.unlikely._Unwind_GetDataRelBase
                0x08002b74        0x6 F:/devkitPro/devkitARM/bin/../lib/gcc/arm-none-eabi/14.1.0/thumb\libgcc.a(pr-support.o)
                0x08002b74                _Unwind_GetDataRelBase
 .text.unlikely._Unwind_GetTextRelBase
                0x08002b7a        0x6 F:/devkitPro/devkitARM/bin/../lib/gcc/arm-none-eabi/14.1.0/thumb\libgcc.a(pr-support.o)
                0x08002b7a                _Unwind_GetTextRelBase
 .text.strchr   0x08002b80       0xc8 F:/devkitPro/devkitARM/bin/../lib/gcc/arm-none-eabi/14.1.0/../../../../arm-none-eabi/lib/thumb\libg.a(libc_a-strchr.o)
                0x08002b80                strchr
 .text.getenv   0x08002c48       0x1c F:/devkitPro/devkitARM/bin/../lib/gcc/arm-none-eabi/14.1.0/../../../../arm-none-eabi/lib/thumb\libg.a(libc_a-getenv.o)
                0x08002c48                getenv
 .text.memcmp   0x08002c64       0x4c F:/devkitPro/devkitARM/bin/../lib/gcc/arm-none-eabi/14.1.0/../../../../arm-none-eabi/lib/thumb\libg.a(libc_a-memcmp.o)
                0x08002c64                memcmp
 .text._strtoul_l.isra.0
                0x08002cb0      0x154 F:/devkitPro/devkitARM/bin/../lib/gcc/arm-none-eabi/14.1.0/../../../../arm-none-eabi/lib/thumb\libg.a(libc_a-strtoul.o)
 .text.strtoul  0x08002e04       0x24 F:/devkitPro/devkitARM/bin/../lib/gcc/arm-none-eabi/14.1.0/../../../../arm-none-eabi/lib/thumb\libg.a(libc_a-strtoul.o)
                0x08002e04                strtoul
 .text.abort    0x08002e28       0x10 F:/devkitPro/devkitARM/bin/../lib/gcc/arm-none-eabi/14.1.0/../../../../arm-none-eabi/lib/thumb\libg.a(libc_a-abort.o)
                0x08002e28                abort
 .text.malloc   0x08002e38       0x28 F:/devkitPro/devkitARM/bin/../lib/gcc/arm-none-eabi/14.1.0/../../../../arm-none-eabi/lib/thumb\libg.a(libc_a-malloc.o)
                0x08002e38                malloc
 .text.free     0x08002e60       0x14 F:/devkitPro/devkitARM/bin/../lib/gcc/arm-none-eabi/14.1.0/../../../../arm-none-eabi/lib/thumb\libg.a(libc_a-malloc.o)
                0x08002e60                free
 .text.memcpy   0x08002e74       0xb0 F:/devkitPro/devkitARM/bin/../lib/gcc/arm-none-eabi/14.1.0/../../../../arm-none-eabi/lib/thumb\libg.a(libc_a-memcpy-stub.o)
                0x08002e74                memcpy
 .text._findenv_r
                0x08002f24       0x94 F:/devkitPro/devkitARM/bin/../lib/gcc/arm-none-eabi/14.1.0/../../../../arm-none-eabi/lib/thumb\libg.a(libc_a-getenv_r.o)
                0x08002f24                _findenv_r
 .text.memset   0x08002fb8       0x98 F:/devkitPro/devkitARM/bin/../lib/gcc/arm-none-eabi/14.1.0/../../../../arm-none-eabi/lib/thumb\libg.a(libc_a-memset.o)
                0x08002fb8                memset
 .text          0x08003050      0x224 F:/devkitPro/devkitARM/bin/../lib/gcc/arm-none-eabi/14.1.0/../../../../arm-none-eabi/lib/thumb\libg.a(libc_a-strcmp.o)
                0x08003050                strcmp
 .text.__libc_init_array
                0x08003274       0x54 F:/devkitPro/devkitARM/bin/../lib/gcc/arm-none-eabi/14.1.0/../../../../arm-none-eabi/lib/thumb\libg.a(libc_a-init.o)
                0x08003274                __libc_init_array
 .text.strncmp  0x080032c8       0x6c F:/devkitPro/devkitARM/bin/../lib/gcc/arm-none-eabi/14.1.0/../../../../arm-none-eabi/lib/thumb\libg.a(libc_a-strncmp.o)
                0x080032c8                strncmp
 .text._raise_r
                0x08003334       0x60 F:/devkitPro/devkitARM/bin/../lib/gcc/arm-none-eabi/14.1.0/../../../../arm-none-eabi/lib/thumb\libg.a(libc_a-signal.o)
                0x08003334                _raise_r
 .text.raise    0x08003394       0x14 F:/devkitPro/devkitARM/bin/../lib/gcc/arm-none-eabi/14.1.0/../../../../arm-none-eabi/lib/thumb\libg.a(libc_a-signal.o)
                0x08003394                raise
 .text.__env_lock
                0x080033a8       0x14 F:/devkitPro/devkitARM/bin/../lib/gcc/arm-none-eabi/14.1.0/../../../../arm-none-eabi/lib/thumb\libg.a(libc_a-envlock.o)
                0x080033a8                __env_lock
 .text.__env_unlock
                0x080033bc       0x14 F:/devkitPro/devkitARM/bin/../lib/gcc/arm-none-eabi/14.1.0/../../../../arm-none-eabi/lib/thumb\libg.a(libc_a-envlock.o)
                0x080033bc                __env_unlock
 .text._memalign_r
                0x080033d0      0x128 F:/devkitPro/devkitARM/bin/../lib/gcc/arm-none-eabi/14.1.0/../../../../arm-none-eabi/lib/thumb\libg.a(libc_a-malignr.o)
                0x080033d0                _memalign_r
 .text._malloc_r
                0x080034f8      0x588 F:/devkitPro/devkitARM/bin/../lib/gcc/arm-none-eabi/14.1.0/../../../../arm-none-eabi/lib/thumb\libg.a(libc_a-mallocr.o)
                0x080034f8                _malloc_r
 .text._malloc_trim_r
                0x08003a80       0xac F:/devkitPro/devkitARM/bin/../lib/gcc/arm-none-eabi/14.1.0/../../../../arm-none-eabi/lib/thumb\libg.a(libc_a-freer.o)
                0x08003a80                _malloc_trim_r
 .text._free_r  0x08003b2c      0x1f4 F:/devkitPro/devkitARM/bin/../lib/gcc/arm-none-eabi/14.1.0/../../../../arm-none-eabi/lib/thumb\libg.a(libc_a-freer.o)
                0x08003b2c                _free_r
 .text.__malloc_lock
                0x08003d20       0x14 F:/devkitPro/devkitARM/bin/../lib/gcc/arm-none-eabi/14.1.0/../../../../arm-none-eabi/lib/thumb\libg.a(libc_a-mlock.o)
                0x08003d20                __malloc_lock
 .text.__malloc_unlock
                0x08003d34       0x14 F:/devkitPro/devkitARM/bin/../lib/gcc/arm-none-eabi/14.1.0/../../../../arm-none-eabi/lib/thumb\libg.a(libc_a-mlock.o)
                0x08003d34                __malloc_unlock
 .text._exit    0x08003d48       0x14 F:/devkitPro/devkitARM/bin/../lib/gcc/arm-none-eabi/14.1.0/../../../../arm-none-eabi/lib/thumb\libsysbase.a(libsysbase_libsysbase_a-_exit.o)
                0x08003d48                _exit
 .text._getpid_r
                0x08003d5c        0xc F:/devkitPro/devkitARM/bin/../lib/gcc/arm-none-eabi/14.1.0/../../../../arm-none-eabi/lib/thumb\libsysbase.a(libsysbase_libsysbase_a-getpid.o)
                0x08003d5c                _getpid_r
 .text.__getreent
                0x08003d68       0x20 F:/devkitPro/devkitARM/bin/../lib/gcc/arm-none-eabi/14.1.0/../../../../arm-none-eabi/lib/thumb\libsysbase.a(libsysbase_libsysbase_a-getreent.o)
                0x08003d68                __getreent
 .text._kill_r  0x08003d88        0xc F:/devkitPro/devkitARM/bin/../lib/gcc/arm-none-eabi/14.1.0/../../../../arm-none-eabi/lib/thumb\libsysbase.a(libsysbase_libsysbase_a-kill.o)
                0x08003d88                _kill_r
 .text._sbrk_r  0x08003d94       0x54 F:/devkitPro/devkitARM/bin/../lib/gcc/arm-none-eabi/14.1.0/../../../../arm-none-eabi/lib/thumb\libsysbase.a(libsysbase_libsysbase_a-sbrk.o)
                0x08003d94                _sbrk_r
 .text.__libc_lock_acquire_recursive
                0x08003de8       0x18 F:/devkitPro/devkitARM/bin/../lib/gcc/arm-none-eabi/14.1.0/../../../../arm-none-eabi/lib/thumb\libsysbase.a(libsysbase_libsysbase_a-syscall_support.o)
                0x08003de8                __libc_lock_acquire_recursive
 .text.__libc_lock_release_recursive
                0x08003e00       0x18 F:/devkitPro/devkitARM/bin/../lib/gcc/arm-none-eabi/14.1.0/../../../../arm-none-eabi/lib/thumb\libsysbase.a(libsysbase_libsysbase_a-syscall_support.o)
                0x08003e00                __libc_lock_release_recursive
 .text          0x08003e18      0x11c F:/devkitPro/devkitARM/bin/../lib/gcc/arm-none-eabi/14.1.0/thumb\libgcc.a(_udivsi3.o)
                0x08003e18                __aeabi_uidiv
                0x08003e18                __udivsi3
                0x08003f14                __aeabi_uidivmod
 .text          0x08003f34        0x4 F:/devkitPro/devkitARM/bin/../lib/gcc/arm-none-eabi/14.1.0/thumb\libgcc.a(_dvmd_tls.o)
                0x08003f34                __aeabi_idiv0
                0x08003f34                __aeabi_ldiv0
 .text.__stub   0x08003f38       0x94 linker stubs
 *(.gnu.linkonce.t.*)
 *(.text.*personality*)
 *(.gnu.warning)
 *(.glue_7t)
 .glue_7t       0x08003fd0        0x0 linker stubs
 *(.glue_7)
 .glue_7        0x08003fd0        0x0 linker stubs
 *(.vfp11_veneer)
 .vfp11_veneer  0x08003fd0        0x0 linker stubs
                0x08003fd0                        . = ALIGN (0x4)
                0x08003fd0                        __text_end = .

.v4_bx          0x08003fd0        0x0
 .v4_bx         0x08003fd0        0x0 linker stubs

.iplt           0x08003fd0        0x0
 .iplt          0x08003fd0        0x0 F:/devkitPro/devkitARM/bin/../lib/gcc/arm-none-eabi/14.1.0/../../../../arm-none-eabi/lib/thumb/gba_crt0.o

.fini           0x08003fd0        0xc
 *(.fini)
 .fini          0x08003fd0        0x4 F:/devkitPro/devkitARM/bin/../lib/gcc/arm-none-eabi/14.1.0/thumb/crti.o
                0x08003fd0                _fini
 .fini          0x08003fd4        0x8 F:/devkitPro/devkitARM/bin/../lib/gcc/arm-none-eabi/14.1.0/thumb/crtn.o
                0x08003fdc                        . = ALIGN (0x4)

.rodata         0x08003fdc      0x540
 *(.rodata)
 *all.rodata*(*)
 *(.roda)
 *(.rodata.*)
 .rodata._ZNK9__gnu_cxx24__concurrence_lock_error4whatEv.str1.4
                0x08003fdc       0xfc F:/devkitPro/devkitARM/bin/../lib/gcc/arm-none-eabi/14.1.0/../../../../arm-none-eabi/lib/thumb\libstdc++.a(atomicity.o)
                                 0x24 (size before relaxing)
 .rodata._ZNK9__gnu_cxx26__concurrence_unlock_error4whatEv.str1.4
                0x080040d8       0x26 F:/devkitPro/devkitARM/bin/../lib/gcc/arm-none-eabi/14.1.0/../../../../arm-none-eabi/lib/thumb\libstdc++.a(atomicity.o)
 .rodata._ZTSN9__gnu_cxx24__concurrence_lock_errorE
                0x080040d8       0x27 F:/devkitPro/devkitARM/bin/../lib/gcc/arm-none-eabi/14.1.0/../../../../arm-none-eabi/lib/thumb\libstdc++.a(atomicity.o)
                0x080040d8                typeinfo name for __gnu_cxx::__concurrence_lock_error
 *fill*         0x080040ff        0x1 ff
 .rodata._ZTIN9__gnu_cxx24__concurrence_lock_errorE
                0x08004100        0xc F:/devkitPro/devkitARM/bin/../lib/gcc/arm-none-eabi/14.1.0/../../../../arm-none-eabi/lib/thumb\libstdc++.a(atomicity.o)
                0x08004100                typeinfo for __gnu_cxx::__concurrence_lock_error
 .rodata._ZTSN9__gnu_cxx26__concurrence_unlock_errorE
                0x0800410c       0x29 F:/devkitPro/devkitARM/bin/../lib/gcc/arm-none-eabi/14.1.0/../../../../arm-none-eabi/lib/thumb\libstdc++.a(atomicity.o)
                0x0800410c                typeinfo name for __gnu_cxx::__concurrence_unlock_error
 *fill*         0x08004135        0x3 ff
 .rodata._ZTIN9__gnu_cxx26__concurrence_unlock_errorE
                0x08004138        0xc F:/devkitPro/devkitARM/bin/../lib/gcc/arm-none-eabi/14.1.0/../../../../arm-none-eabi/lib/thumb\libstdc++.a(atomicity.o)
                0x08004138                typeinfo for __gnu_cxx::__concurrence_unlock_error
 .rodata._ZTVN9__gnu_cxx24__concurrence_lock_errorE
                0x08004144       0x14 F:/devkitPro/devkitARM/bin/../lib/gcc/arm-none-eabi/14.1.0/../../../../arm-none-eabi/lib/thumb\libstdc++.a(atomicity.o)
                0x08004144                vtable for __gnu_cxx::__concurrence_lock_error
 .rodata._ZTVN9__gnu_cxx26__concurrence_unlock_errorE
                0x08004158       0x14 F:/devkitPro/devkitARM/bin/../lib/gcc/arm-none-eabi/14.1.0/../../../../arm-none-eabi/lib/thumb\libstdc++.a(atomicity.o)
                0x08004158                vtable for __gnu_cxx::__concurrence_unlock_error
 .rodata._GLOBAL__sub_I__ZN9__gnu_cxx9__freeresEv.str1.4
                0x0800416c       0x3c F:/devkitPro/devkitARM/bin/../lib/gcc/arm-none-eabi/14.1.0/../../../../arm-none-eabi/lib/thumb\libstdc++.a(eh_alloc.o)
 .rodata._ZNKSt9exception4whatEv.str1.4
                0x0800416c        0xf F:/devkitPro/devkitARM/bin/../lib/gcc/arm-none-eabi/14.1.0/../../../../arm-none-eabi/lib/thumb\libstdc++.a(eh_exception.o)
 .rodata._ZNKSt13bad_exception4whatEv.str1.4
                0x0800416c       0x13 F:/devkitPro/devkitARM/bin/../lib/gcc/arm-none-eabi/14.1.0/../../../../arm-none-eabi/lib/thumb\libstdc++.a(eh_exception.o)
 .rodata._ZTSSt9exception
                0x0800416c        0xd F:/devkitPro/devkitARM/bin/../lib/gcc/arm-none-eabi/14.1.0/../../../../arm-none-eabi/lib/thumb\libstdc++.a(eh_exception.o)
                0x0800416c                typeinfo name for std::exception
 *fill*         0x08004179        0x3 ff
 .rodata._ZTISt9exception
                0x0800417c        0x8 F:/devkitPro/devkitARM/bin/../lib/gcc/arm-none-eabi/14.1.0/../../../../arm-none-eabi/lib/thumb\libstdc++.a(eh_exception.o)
                0x0800417c                typeinfo for std::exception
 .rodata._ZTSSt13bad_exception
                0x08004184       0x12 F:/devkitPro/devkitARM/bin/../lib/gcc/arm-none-eabi/14.1.0/../../../../arm-none-eabi/lib/thumb\libstdc++.a(eh_exception.o)
                0x08004184                typeinfo name for std::bad_exception
 *fill*         0x08004196        0x2 ff
 .rodata._ZTISt13bad_exception
                0x08004198        0xc F:/devkitPro/devkitARM/bin/../lib/gcc/arm-none-eabi/14.1.0/../../../../arm-none-eabi/lib/thumb\libstdc++.a(eh_exception.o)
                0x08004198                typeinfo for std::bad_exception
 .rodata._ZTSN10__cxxabiv115__forced_unwindE
                0x080041a4       0x20 F:/devkitPro/devkitARM/bin/../lib/gcc/arm-none-eabi/14.1.0/../../../../arm-none-eabi/lib/thumb\libstdc++.a(eh_exception.o)
                0x080041a4                typeinfo name for __cxxabiv1::__forced_unwind
 .rodata._ZTIN10__cxxabiv115__forced_unwindE
                0x080041c4        0x8 F:/devkitPro/devkitARM/bin/../lib/gcc/arm-none-eabi/14.1.0/../../../../arm-none-eabi/lib/thumb\libstdc++.a(eh_exception.o)
                0x080041c4                typeinfo for __cxxabiv1::__forced_unwind
 .rodata._ZTSN10__cxxabiv119__foreign_exceptionE
                0x080041cc       0x24 F:/devkitPro/devkitARM/bin/../lib/gcc/arm-none-eabi/14.1.0/../../../../arm-none-eabi/lib/thumb\libstdc++.a(eh_exception.o)
                0x080041cc                typeinfo name for __cxxabiv1::__foreign_exception
 .rodata._ZTIN10__cxxabiv119__foreign_exceptionE
                0x080041f0        0x8 F:/devkitPro/devkitARM/bin/../lib/gcc/arm-none-eabi/14.1.0/../../../../arm-none-eabi/lib/thumb\libstdc++.a(eh_exception.o)
                0x080041f0                typeinfo for __cxxabiv1::__foreign_exception
 .rodata._ZTVSt13bad_exception
                0x080041f8       0x14 F:/devkitPro/devkitARM/bin/../lib/gcc/arm-none-eabi/14.1.0/../../../../arm-none-eabi/lib/thumb\libstdc++.a(eh_exception.o)
                0x080041f8                vtable for std::bad_exception
 .rodata._ZL28read_encoded_value_with_basehjPKhPj
                0x0800420c       0x34 F:/devkitPro/devkitARM/bin/../lib/gcc/arm-none-eabi/14.1.0/../../../../arm-none-eabi/lib/thumb\libstdc++.a(eh_personality.o)
 .rodata._ZNK9__gnu_cxx29__concurrence_broadcast_error4whatEv.str1.4
                0x08004240       0x29 F:/devkitPro/devkitARM/bin/../lib/gcc/arm-none-eabi/14.1.0/../../../../arm-none-eabi/lib/thumb\libstdc++.a(guard.o)
 .rodata._ZNK9__gnu_cxx24__concurrence_wait_error4whatEv.str1.4
                0x08004240       0x24 F:/devkitPro/devkitARM/bin/../lib/gcc/arm-none-eabi/14.1.0/../../../../arm-none-eabi/lib/thumb\libstdc++.a(guard.o)
 .rodata._ZTSN9__gnu_cxx29__concurrence_broadcast_errorE
                0x08004240       0x2c F:/devkitPro/devkitARM/bin/../lib/gcc/arm-none-eabi/14.1.0/../../../../arm-none-eabi/lib/thumb\libstdc++.a(guard.o)
                0x08004240                typeinfo name for __gnu_cxx::__concurrence_broadcast_error
 .rodata._ZTIN9__gnu_cxx29__concurrence_broadcast_errorE
                0x0800426c        0xc F:/devkitPro/devkitARM/bin/../lib/gcc/arm-none-eabi/14.1.0/../../../../arm-none-eabi/lib/thumb\libstdc++.a(guard.o)
                0x0800426c                typeinfo for __gnu_cxx::__concurrence_broadcast_error
 .rodata._ZTSN9__gnu_cxx24__concurrence_wait_errorE
                0x08004278       0x27 F:/devkitPro/devkitARM/bin/../lib/gcc/arm-none-eabi/14.1.0/../../../../arm-none-eabi/lib/thumb\libstdc++.a(guard.o)
                0x08004278                typeinfo name for __gnu_cxx::__concurrence_wait_error
 *fill*         0x0800429f        0x1 ff
 .rodata._ZTIN9__gnu_cxx24__concurrence_wait_errorE
                0x080042a0        0xc F:/devkitPro/devkitARM/bin/../lib/gcc/arm-none-eabi/14.1.0/../../../../arm-none-eabi/lib/thumb\libstdc++.a(guard.o)
                0x080042a0                typeinfo for __gnu_cxx::__concurrence_wait_error
 .rodata._ZTVN9__gnu_cxx29__concurrence_broadcast_errorE
                0x080042ac       0x14 F:/devkitPro/devkitARM/bin/../lib/gcc/arm-none-eabi/14.1.0/../../../../arm-none-eabi/lib/thumb\libstdc++.a(guard.o)
                0x080042ac                vtable for __gnu_cxx::__concurrence_broadcast_error
 .rodata._ZTVN9__gnu_cxx24__concurrence_wait_errorE
                0x080042c0       0x14 F:/devkitPro/devkitARM/bin/../lib/gcc/arm-none-eabi/14.1.0/../../../../arm-none-eabi/lib/thumb\libstdc++.a(guard.o)
                0x080042c0                vtable for __gnu_cxx::__concurrence_wait_error
 .rodata._ZTSN9__gnu_cxx20recursive_init_errorE
                0x080042d4       0x23 F:/devkitPro/devkitARM/bin/../lib/gcc/arm-none-eabi/14.1.0/../../../../arm-none-eabi/lib/thumb\libstdc++.a(guard_error.o)
                0x080042d4                typeinfo name for __gnu_cxx::recursive_init_error
 *fill*         0x080042f7        0x1 ff
 .rodata._ZTIN9__gnu_cxx20recursive_init_errorE
                0x080042f8        0xc F:/devkitPro/devkitARM/bin/../lib/gcc/arm-none-eabi/14.1.0/../../../../arm-none-eabi/lib/thumb\libstdc++.a(guard_error.o)
                0x080042f8                typeinfo for __gnu_cxx::recursive_init_error
 .rodata._ZTVN9__gnu_cxx20recursive_init_errorE
                0x08004304       0x14 F:/devkitPro/devkitARM/bin/../lib/gcc/arm-none-eabi/14.1.0/../../../../arm-none-eabi/lib/thumb\libstdc++.a(guard_error.o)
                0x08004304                vtable for __gnu_cxx::recursive_init_error
 .rodata._ZTSN10__cxxabiv120__si_class_type_infoE
                0x08004318       0x25 F:/devkitPro/devkitARM/bin/../lib/gcc/arm-none-eabi/14.1.0/../../../../arm-none-eabi/lib/thumb\libstdc++.a(si_class_type_info.o)
                0x08004318                typeinfo name for __cxxabiv1::__si_class_type_info
 *fill*         0x0800433d        0x3 ff
 .rodata._ZTIN10__cxxabiv120__si_class_type_infoE
                0x08004340        0xc F:/devkitPro/devkitARM/bin/../lib/gcc/arm-none-eabi/14.1.0/../../../../arm-none-eabi/lib/thumb\libstdc++.a(si_class_type_info.o)
                0x08004340                typeinfo for __cxxabiv1::__si_class_type_info
 .rodata._ZTVN10__cxxabiv120__si_class_type_infoE
                0x0800434c       0x2c F:/devkitPro/devkitARM/bin/../lib/gcc/arm-none-eabi/14.1.0/../../../../arm-none-eabi/lib/thumb\libstdc++.a(si_class_type_info.o)
                0x0800434c                vtable for __cxxabiv1::__si_class_type_info
 .rodata._ZTSSt9type_info
                0x08004378        0xd F:/devkitPro/devkitARM/bin/../lib/gcc/arm-none-eabi/14.1.0/../../../../arm-none-eabi/lib/thumb\libstdc++.a(tinfo.o)
                0x08004378                typeinfo name for std::type_info
 *fill*         0x08004385        0x3 ff
 .rodata._ZTISt9type_info
                0x08004388        0x8 F:/devkitPro/devkitARM/bin/../lib/gcc/arm-none-eabi/14.1.0/../../../../arm-none-eabi/lib/thumb\libstdc++.a(tinfo.o)
                0x08004388                typeinfo for std::type_info
 .rodata._ZTSN10__cxxabiv117__class_type_infoE
                0x08004390       0x22 F:/devkitPro/devkitARM/bin/../lib/gcc/arm-none-eabi/14.1.0/../../../../arm-none-eabi/lib/thumb\libstdc++.a(class_type_info.o)
                0x08004390                typeinfo name for __cxxabiv1::__class_type_info
 *fill*         0x080043b2        0x2 ff
 .rodata._ZTIN10__cxxabiv117__class_type_infoE
                0x080043b4        0xc F:/devkitPro/devkitARM/bin/../lib/gcc/arm-none-eabi/14.1.0/../../../../arm-none-eabi/lib/thumb\libstdc++.a(class_type_info.o)
                0x080043b4                typeinfo for __cxxabiv1::__class_type_info
 .rodata._ZTVN10__cxxabiv117__class_type_infoE
                0x080043c0       0x2c F:/devkitPro/devkitARM/bin/../lib/gcc/arm-none-eabi/14.1.0/../../../../arm-none-eabi/lib/thumb\libstdc++.a(class_type_info.o)
                0x080043c0                vtable for __cxxabiv1::__class_type_info
 .rodata._Unwind_VRS_Pop
                0x080043ec       0x18 F:/devkitPro/devkitARM/bin/../lib/gcc/arm-none-eabi/14.1.0/thumb\libgcc.a(unwind-arm.o)
 .rodata.__gnu_unwind_execute
                0x08004404       0x14 F:/devkitPro/devkitARM/bin/../lib/gcc/arm-none-eabi/14.1.0/thumb\libgcc.a(pr-support.o)
 .rodata._ctype_
                0x08004418      0x101 F:/devkitPro/devkitARM/bin/../lib/gcc/arm-none-eabi/14.1.0/../../../../arm-none-eabi/lib/thumb\libg.a(libc_a-ctype_.o)
                0x08004418                _ctype_
 *(.gnu.linkonce.r*)
                0x0800451c                        . = ALIGN (0x4)
 *fill*         0x08004519        0x3 ff

.ARM.extab      0x0800451c      0x160
 *(.ARM.extab* .gnu.linkonce.armextab.*)
 .ARM.extab.text._ZNK9__gnu_cxx24__concurrence_lock_error4whatEv
                0x0800451c        0x0 F:/devkitPro/devkitARM/bin/../lib/gcc/arm-none-eabi/14.1.0/../../../../arm-none-eabi/lib/thumb\libstdc++.a(atomicity.o)
 .ARM.extab.text._ZNK9__gnu_cxx26__concurrence_unlock_error4whatEv
                0x0800451c        0x0 F:/devkitPro/devkitARM/bin/../lib/gcc/arm-none-eabi/14.1.0/../../../../arm-none-eabi/lib/thumb\libstdc++.a(atomicity.o)
 .ARM.extab.text._ZN9__gnu_cxx24__concurrence_lock_errorD2Ev
                0x0800451c        0x0 F:/devkitPro/devkitARM/bin/../lib/gcc/arm-none-eabi/14.1.0/../../../../arm-none-eabi/lib/thumb\libstdc++.a(atomicity.o)
 .ARM.extab.text._ZN9__gnu_cxx24__concurrence_lock_errorD0Ev
                0x0800451c        0x0 F:/devkitPro/devkitARM/bin/../lib/gcc/arm-none-eabi/14.1.0/../../../../arm-none-eabi/lib/thumb\libstdc++.a(atomicity.o)
 .ARM.extab.text._ZN9__gnu_cxx26__concurrence_unlock_errorD2Ev
                0x0800451c        0x0 F:/devkitPro/devkitARM/bin/../lib/gcc/arm-none-eabi/14.1.0/../../../../arm-none-eabi/lib/thumb\libstdc++.a(atomicity.o)
 .ARM.extab.text._ZN9__gnu_cxx26__concurrence_unlock_errorD0Ev
                0x0800451c        0x0 F:/devkitPro/devkitARM/bin/../lib/gcc/arm-none-eabi/14.1.0/../../../../arm-none-eabi/lib/thumb\libstdc++.a(atomicity.o)
 .ARM.extab.text._ZN9__gnu_cxx18__exchange_and_addEPVii
                0x0800451c        0xc F:/devkitPro/devkitARM/bin/../lib/gcc/arm-none-eabi/14.1.0/../../../../arm-none-eabi/lib/thumb\libstdc++.a(atomicity.o)
 .ARM.extab.text.unlikely._ZN9__gnu_cxx30__throw_concurrence_lock_errorEv
                0x08004528        0x0 F:/devkitPro/devkitARM/bin/../lib/gcc/arm-none-eabi/14.1.0/../../../../arm-none-eabi/lib/thumb\libstdc++.a(eh_alloc.o)
 .ARM.extab.text.unlikely._ZN9__gnu_cxx32__throw_concurrence_unlock_errorEv
                0x08004528        0x0 F:/devkitPro/devkitARM/bin/../lib/gcc/arm-none-eabi/14.1.0/../../../../arm-none-eabi/lib/thumb\libstdc++.a(eh_alloc.o)
 .ARM.extab.text._ZN12_GLOBAL__N_14pool4freeEPv.constprop.0
                0x08004528        0xc F:/devkitPro/devkitARM/bin/../lib/gcc/arm-none-eabi/14.1.0/../../../../arm-none-eabi/lib/thumb\libstdc++.a(eh_alloc.o)
 .ARM.extab.text._ZN12_GLOBAL__N_14pool8allocateEj.constprop.0
                0x08004534        0xc F:/devkitPro/devkitARM/bin/../lib/gcc/arm-none-eabi/14.1.0/../../../../arm-none-eabi/lib/thumb\libstdc++.a(eh_alloc.o)
 .ARM.extab.text.__gxx_personality_v0
                0x08004540       0x28 F:/devkitPro/devkitARM/bin/../lib/gcc/arm-none-eabi/14.1.0/../../../../arm-none-eabi/lib/thumb\libstdc++.a(eh_personality.o)
 .ARM.extab.text._ZN10__cxxabiv111__terminateEPFvvE
                0x08004568       0x18 F:/devkitPro/devkitARM/bin/../lib/gcc/arm-none-eabi/14.1.0/../../../../arm-none-eabi/lib/thumb\libstdc++.a(eh_terminate.o)
 .ARM.extab.text._ZSt13get_terminatev
                0x08004580        0xc F:/devkitPro/devkitARM/bin/../lib/gcc/arm-none-eabi/14.1.0/../../../../arm-none-eabi/lib/thumb\libstdc++.a(eh_terminate.o)
 .ARM.extab.text._ZSt14get_unexpectedv
                0x0800458c        0xc F:/devkitPro/devkitARM/bin/../lib/gcc/arm-none-eabi/14.1.0/../../../../arm-none-eabi/lib/thumb\libstdc++.a(eh_terminate.o)
 .ARM.extab.text._ZNK9__gnu_cxx29__concurrence_broadcast_error4whatEv
                0x08004598        0x0 F:/devkitPro/devkitARM/bin/../lib/gcc/arm-none-eabi/14.1.0/../../../../arm-none-eabi/lib/thumb\libstdc++.a(guard.o)
 .ARM.extab.text._ZNK9__gnu_cxx24__concurrence_wait_error4whatEv
                0x08004598        0x0 F:/devkitPro/devkitARM/bin/../lib/gcc/arm-none-eabi/14.1.0/../../../../arm-none-eabi/lib/thumb\libstdc++.a(guard.o)
 .ARM.extab.text._ZN9__gnu_cxx24__concurrence_wait_errorD2Ev
                0x08004598        0x0 F:/devkitPro/devkitARM/bin/../lib/gcc/arm-none-eabi/14.1.0/../../../../arm-none-eabi/lib/thumb\libstdc++.a(guard.o)
 .ARM.extab.text._ZN9__gnu_cxx24__concurrence_wait_errorD0Ev
                0x08004598        0x0 F:/devkitPro/devkitARM/bin/../lib/gcc/arm-none-eabi/14.1.0/../../../../arm-none-eabi/lib/thumb\libstdc++.a(guard.o)
 .ARM.extab.text._ZN9__gnu_cxx29__concurrence_broadcast_errorD2Ev
                0x08004598        0x0 F:/devkitPro/devkitARM/bin/../lib/gcc/arm-none-eabi/14.1.0/../../../../arm-none-eabi/lib/thumb\libstdc++.a(guard.o)
 .ARM.extab.text._ZN9__gnu_cxx29__concurrence_broadcast_errorD0Ev
                0x08004598        0x0 F:/devkitPro/devkitARM/bin/../lib/gcc/arm-none-eabi/14.1.0/../../../../arm-none-eabi/lib/thumb\libstdc++.a(guard.o)
 .ARM.extab.text.unlikely._ZN9__gnu_cxx35__throw_concurrence_broadcast_errorEv
                0x08004598        0x0 F:/devkitPro/devkitARM/bin/../lib/gcc/arm-none-eabi/14.1.0/../../../../arm-none-eabi/lib/thumb\libstdc++.a(guard.o)
 .ARM.extab.text.__cxa_guard_acquire
                0x08004598       0x29 F:/devkitPro/devkitARM/bin/../lib/gcc/arm-none-eabi/14.1.0/../../../../arm-none-eabi/lib/thumb\libstdc++.a(guard.o)
 *fill*         0x080045c1        0x3 
 .ARM.extab.text.__cxa_guard_release
                0x080045c4        0xc F:/devkitPro/devkitARM/bin/../lib/gcc/arm-none-eabi/14.1.0/../../../../arm-none-eabi/lib/thumb\libstdc++.a(guard.o)
 .ARM.extab.text._ZNK10__cxxabiv120__si_class_type_info12__do_dyncastEiNS_17__class_type_info10__sub_kindEPKS1_PKvS4_S6_RNS1_16__dyncast_resultE
                0x080045d0        0xc F:/devkitPro/devkitARM/bin/../lib/gcc/arm-none-eabi/14.1.0/../../../../arm-none-eabi/lib/thumb\libstdc++.a(si_class_type_info.o)
 .ARM.extab.text.__cxa_type_match
                0x080045dc        0xc F:/devkitPro/devkitARM/bin/../lib/gcc/arm-none-eabi/14.1.0/../../../../arm-none-eabi/lib/thumb\libstdc++.a(eh_arm.o)
 .ARM.extab.text.unlikely.__cxa_call_unexpected
                0x080045e8       0x28 F:/devkitPro/devkitARM/bin/../lib/gcc/arm-none-eabi/14.1.0/../../../../arm-none-eabi/lib/thumb\libstdc++.a(eh_call.o)
 .ARM.extab.text.__cxa_begin_catch
                0x08004610        0xc F:/devkitPro/devkitARM/bin/../lib/gcc/arm-none-eabi/14.1.0/../../../../arm-none-eabi/lib/thumb\libstdc++.a(eh_catch.o)
 .ARM.extab.text.__cxa_get_globals_fast
                0x0800461c        0xc F:/devkitPro/devkitARM/bin/../lib/gcc/arm-none-eabi/14.1.0/../../../../arm-none-eabi/lib/thumb\libstdc++.a(eh_globals.o)
 .ARM.extab.text.__cxa_get_globals
                0x08004628        0xc F:/devkitPro/devkitARM/bin/../lib/gcc/arm-none-eabi/14.1.0/../../../../arm-none-eabi/lib/thumb\libstdc++.a(eh_globals.o)
 .ARM.extab.text.exit._GLOBAL__sub_D__ZN17__eh_globals_init7_S_initE
                0x08004634        0xc F:/devkitPro/devkitARM/bin/../lib/gcc/arm-none-eabi/14.1.0/../../../../arm-none-eabi/lib/thumb\libstdc++.a(eh_globals.o)
 .ARM.extab.text.unwind_phase2_forced
                0x08004640        0xc F:/devkitPro/devkitARM/bin/../lib/gcc/arm-none-eabi/14.1.0/thumb\libgcc.a(unwind-arm.o)
 .ARM.extab.text.__gnu_Unwind_Backtrace
                0x0800464c        0xc F:/devkitPro/devkitARM/bin/../lib/gcc/arm-none-eabi/14.1.0/thumb\libgcc.a(unwind-arm.o)
 .ARM.extab.text.__gnu_unwind_pr_common
                0x08004658        0xc F:/devkitPro/devkitARM/bin/../lib/gcc/arm-none-eabi/14.1.0/thumb\libgcc.a(unwind-arm.o)
 .ARM.extab.text._Unwind_VRS_Pop
                0x08004664        0xc F:/devkitPro/devkitARM/bin/../lib/gcc/arm-none-eabi/14.1.0/thumb\libgcc.a(unwind-arm.o)
 .ARM.extab.text.__gnu_unwind_execute
                0x08004670        0xc F:/devkitPro/devkitARM/bin/../lib/gcc/arm-none-eabi/14.1.0/thumb\libgcc.a(pr-support.o)
                0x0800467c                        __exidx_start = .

.ARM.exidx      0x0800467c      0x228
 *(.ARM.exidx* .gnu.linkonce.armexidx.*)
 .ARM.exidx.text._ZNK9__gnu_cxx24__concurrence_lock_error4whatEv
                0x0800467c        0x8 F:/devkitPro/devkitARM/bin/../lib/gcc/arm-none-eabi/14.1.0/../../../../arm-none-eabi/lib/thumb\libstdc++.a(atomicity.o)
 .ARM.exidx.text._ZNK9__gnu_cxx26__concurrence_unlock_error4whatEv
                0x08004684        0x0 F:/devkitPro/devkitARM/bin/../lib/gcc/arm-none-eabi/14.1.0/../../../../arm-none-eabi/lib/thumb\libstdc++.a(atomicity.o)
                                  0x8 (size before relaxing)
 .ARM.exidx.text._ZN9__gnu_cxx24__concurrence_lock_errorD2Ev
                0x08004684        0x0 F:/devkitPro/devkitARM/bin/../lib/gcc/arm-none-eabi/14.1.0/../../../../arm-none-eabi/lib/thumb\libstdc++.a(atomicity.o)
                                  0x8 (size before relaxing)
 .ARM.exidx.text._ZN9__gnu_cxx24__concurrence_lock_errorD0Ev
                0x08004684        0x0 F:/devkitPro/devkitARM/bin/../lib/gcc/arm-none-eabi/14.1.0/../../../../arm-none-eabi/lib/thumb\libstdc++.a(atomicity.o)
                                  0x8 (size before relaxing)
 .ARM.exidx.text._ZN9__gnu_cxx26__concurrence_unlock_errorD2Ev
                0x08004684        0x0 F:/devkitPro/devkitARM/bin/../lib/gcc/arm-none-eabi/14.1.0/../../../../arm-none-eabi/lib/thumb\libstdc++.a(atomicity.o)
                                  0x8 (size before relaxing)
 .ARM.exidx.text._ZN9__gnu_cxx26__concurrence_unlock_errorD0Ev
                0x08004684        0x0 F:/devkitPro/devkitARM/bin/../lib/gcc/arm-none-eabi/14.1.0/../../../../arm-none-eabi/lib/thumb\libstdc++.a(atomicity.o)
                                  0x8 (size before relaxing)
 .ARM.exidx.text._ZN9__gnu_cxx18__exchange_and_addEPVii
                0x08004684        0x8 F:/devkitPro/devkitARM/bin/../lib/gcc/arm-none-eabi/14.1.0/../../../../arm-none-eabi/lib/thumb\libstdc++.a(atomicity.o)
 .ARM.exidx.text._ZdlPvj
                0x0800468c        0x8 F:/devkitPro/devkitARM/bin/../lib/gcc/arm-none-eabi/14.1.0/../../../../arm-none-eabi/lib/thumb\libstdc++.a(del_ops.o)
 .ARM.exidx.text.unlikely._ZN9__gnu_cxx30__throw_concurrence_lock_errorEv
                0x08004694        0x8 F:/devkitPro/devkitARM/bin/../lib/gcc/arm-none-eabi/14.1.0/../../../../arm-none-eabi/lib/thumb\libstdc++.a(eh_alloc.o)
 .ARM.exidx.text.unlikely._ZN9__gnu_cxx32__throw_concurrence_unlock_errorEv
                0x0800469c        0x0 F:/devkitPro/devkitARM/bin/../lib/gcc/arm-none-eabi/14.1.0/../../../../arm-none-eabi/lib/thumb\libstdc++.a(eh_alloc.o)
                                  0x8 (size before relaxing)
 .ARM.exidx.text._ZN12_GLOBAL__N_14pool4freeEPv.constprop.0
                0x0800469c        0x8 F:/devkitPro/devkitARM/bin/../lib/gcc/arm-none-eabi/14.1.0/../../../../arm-none-eabi/lib/thumb\libstdc++.a(eh_alloc.o)
 .ARM.exidx.text._ZN12_GLOBAL__N_14pool8allocateEj.constprop.0
                0x080046a4        0x8 F:/devkitPro/devkitARM/bin/../lib/gcc/arm-none-eabi/14.1.0/../../../../arm-none-eabi/lib/thumb\libstdc++.a(eh_alloc.o)
 .ARM.exidx.text.__cxa_allocate_exception
                0x080046ac        0x8 F:/devkitPro/devkitARM/bin/../lib/gcc/arm-none-eabi/14.1.0/../../../../arm-none-eabi/lib/thumb\libstdc++.a(eh_alloc.o)
 .ARM.exidx.text.__cxa_free_exception
                0x080046b4        0x0 F:/devkitPro/devkitARM/bin/../lib/gcc/arm-none-eabi/14.1.0/../../../../arm-none-eabi/lib/thumb\libstdc++.a(eh_alloc.o)
                                  0x8 (size before relaxing)
 .ARM.exidx.text.startup._GLOBAL__sub_I__ZN9__gnu_cxx9__freeresEv
                0x080046b4        0x0 F:/devkitPro/devkitARM/bin/../lib/gcc/arm-none-eabi/14.1.0/../../../../arm-none-eabi/lib/thumb\libstdc++.a(eh_alloc.o)
                                  0x8 (size before relaxing)
 .ARM.exidx.text._ZNSt9exceptionD2Ev
                0x080046b4        0x0 F:/devkitPro/devkitARM/bin/../lib/gcc/arm-none-eabi/14.1.0/../../../../arm-none-eabi/lib/thumb\libstdc++.a(eh_exception.o)
                                  0x8 (size before relaxing)
 .ARM.exidx.text._ZNSt13bad_exceptionD2Ev
                0x080046b4        0x0 F:/devkitPro/devkitARM/bin/../lib/gcc/arm-none-eabi/14.1.0/../../../../arm-none-eabi/lib/thumb\libstdc++.a(eh_exception.o)
                                  0x8 (size before relaxing)
 .ARM.exidx.text._ZNKSt9exception4whatEv
                0x080046b4        0x0 F:/devkitPro/devkitARM/bin/../lib/gcc/arm-none-eabi/14.1.0/../../../../arm-none-eabi/lib/thumb\libstdc++.a(eh_exception.o)
                                  0x8 (size before relaxing)
 .ARM.exidx.text._ZNKSt13bad_exception4whatEv
                0x080046b4        0x0 F:/devkitPro/devkitARM/bin/../lib/gcc/arm-none-eabi/14.1.0/../../../../arm-none-eabi/lib/thumb\libstdc++.a(eh_exception.o)
                                  0x8 (size before relaxing)
 .ARM.exidx.text._ZNSt13bad_exceptionD0Ev
                0x080046b4        0x0 F:/devkitPro/devkitARM/bin/../lib/gcc/arm-none-eabi/14.1.0/../../../../arm-none-eabi/lib/thumb\libstdc++.a(eh_exception.o)
                                  0x8 (size before relaxing)
 .ARM.exidx.text._ZL28read_encoded_value_with_basehjPKhPj
                0x080046b4        0x8 F:/devkitPro/devkitARM/bin/../lib/gcc/arm-none-eabi/14.1.0/../../../../arm-none-eabi/lib/thumb\libstdc++.a(eh_personality.o)
 .ARM.exidx.text._ZL21base_of_encoded_valuehP15_Unwind_Context
                0x080046bc        0x8 F:/devkitPro/devkitARM/bin/../lib/gcc/arm-none-eabi/14.1.0/../../../../arm-none-eabi/lib/thumb\libstdc++.a(eh_personality.o)
 .ARM.exidx.text._ZL17parse_lsda_headerP15_Unwind_ContextPKhP16lsda_header_info
                0x080046c4        0x8 F:/devkitPro/devkitARM/bin/../lib/gcc/arm-none-eabi/14.1.0/../../../../arm-none-eabi/lib/thumb\libstdc++.a(eh_personality.o)
 .ARM.exidx.text.__gxx_personality_v0
                0x080046cc        0x8 F:/devkitPro/devkitARM/bin/../lib/gcc/arm-none-eabi/14.1.0/../../../../arm-none-eabi/lib/thumb\libstdc++.a(eh_personality.o)
 .ARM.exidx.text._ZN10__cxxabiv111__terminateEPFvvE
                0x080046d4        0x8 F:/devkitPro/devkitARM/bin/../lib/gcc/arm-none-eabi/14.1.0/../../../../arm-none-eabi/lib/thumb\libstdc++.a(eh_terminate.o)
 .ARM.exidx.text._ZSt13get_terminatev
                0x080046dc        0x8 F:/devkitPro/devkitARM/bin/../lib/gcc/arm-none-eabi/14.1.0/../../../../arm-none-eabi/lib/thumb\libstdc++.a(eh_terminate.o)
 .ARM.exidx.text.unlikely._ZSt9terminatev
                0x080046e4        0x8 F:/devkitPro/devkitARM/bin/../lib/gcc/arm-none-eabi/14.1.0/../../../../arm-none-eabi/lib/thumb\libstdc++.a(eh_terminate.o)
 .ARM.exidx.text._ZN10__cxxabiv112__unexpectedEPFvvE
                0x080046ec        0x8 F:/devkitPro/devkitARM/bin/../lib/gcc/arm-none-eabi/14.1.0/../../../../arm-none-eabi/lib/thumb\libstdc++.a(eh_terminate.o)
 .ARM.exidx.text._ZSt14get_unexpectedv
                0x080046f4        0x8 F:/devkitPro/devkitARM/bin/../lib/gcc/arm-none-eabi/14.1.0/../../../../arm-none-eabi/lib/thumb\libstdc++.a(eh_terminate.o)
 .ARM.exidx.text.unlikely._ZSt10unexpectedv
                0x080046fc        0x8 F:/devkitPro/devkitARM/bin/../lib/gcc/arm-none-eabi/14.1.0/../../../../arm-none-eabi/lib/thumb\libstdc++.a(eh_terminate.o)
 .ARM.exidx.text.startup._GLOBAL__sub_I__ZN10__cxxabiv111__terminateEPFvvE
                0x08004704        0x8 F:/devkitPro/devkitARM/bin/../lib/gcc/arm-none-eabi/14.1.0/../../../../arm-none-eabi/lib/thumb\libstdc++.a(eh_terminate.o)
 .ARM.exidx.text._ZL23__gxx_exception_cleanup19_Unwind_Reason_CodeP21_Unwind_Control_Block
                0x0800470c        0x8 F:/devkitPro/devkitARM/bin/../lib/gcc/arm-none-eabi/14.1.0/../../../../arm-none-eabi/lib/thumb\libstdc++.a(eh_throw.o)
 .ARM.exidx.text.__cxa_init_primary_exception
                0x08004714        0x8 F:/devkitPro/devkitARM/bin/../lib/gcc/arm-none-eabi/14.1.0/../../../../arm-none-eabi/lib/thumb\libstdc++.a(eh_throw.o)
 .ARM.exidx.text.__cxa_throw
                0x0800471c        0x8 F:/devkitPro/devkitARM/bin/../lib/gcc/arm-none-eabi/14.1.0/../../../../arm-none-eabi/lib/thumb\libstdc++.a(eh_throw.o)
 .ARM.exidx.text.__cxa_rethrow
                0x08004724        0x8 F:/devkitPro/devkitARM/bin/../lib/gcc/arm-none-eabi/14.1.0/../../../../arm-none-eabi/lib/thumb\libstdc++.a(eh_throw.o)
 .ARM.exidx.text._ZNK9__gnu_cxx29__concurrence_broadcast_error4whatEv
                0x0800472c        0x8 F:/devkitPro/devkitARM/bin/../lib/gcc/arm-none-eabi/14.1.0/../../../../arm-none-eabi/lib/thumb\libstdc++.a(guard.o)
 .ARM.exidx.text._ZNK9__gnu_cxx24__concurrence_wait_error4whatEv
                0x08004734        0x0 F:/devkitPro/devkitARM/bin/../lib/gcc/arm-none-eabi/14.1.0/../../../../arm-none-eabi/lib/thumb\libstdc++.a(guard.o)
                                  0x8 (size before relaxing)
 .ARM.exidx.text._ZN12_GLOBAL__N_1L4initEv
                0x08004734        0x0 F:/devkitPro/devkitARM/bin/../lib/gcc/arm-none-eabi/14.1.0/../../../../arm-none-eabi/lib/thumb\libstdc++.a(guard.o)
                                  0x8 (size before relaxing)
 .ARM.exidx.text._ZN12_GLOBAL__N_1L16init_static_condEv
                0x08004734        0x0 F:/devkitPro/devkitARM/bin/../lib/gcc/arm-none-eabi/14.1.0/../../../../arm-none-eabi/lib/thumb\libstdc++.a(guard.o)
                                  0x8 (size before relaxing)
 .ARM.exidx.text._ZN9__gnu_cxx24__concurrence_wait_errorD2Ev
                0x08004734        0x0 F:/devkitPro/devkitARM/bin/../lib/gcc/arm-none-eabi/14.1.0/../../../../arm-none-eabi/lib/thumb\libstdc++.a(guard.o)
                                  0x8 (size before relaxing)
 .ARM.exidx.text._ZN9__gnu_cxx24__concurrence_wait_errorD0Ev
                0x08004734        0x0 F:/devkitPro/devkitARM/bin/../lib/gcc/arm-none-eabi/14.1.0/../../../../arm-none-eabi/lib/thumb\libstdc++.a(guard.o)
                                  0x8 (size before relaxing)
 .ARM.exidx.text._ZN9__gnu_cxx29__concurrence_broadcast_errorD2Ev
                0x08004734        0x0 F:/devkitPro/devkitARM/bin/../lib/gcc/arm-none-eabi/14.1.0/../../../../arm-none-eabi/lib/thumb\libstdc++.a(guard.o)
                                  0x8 (size before relaxing)
 .ARM.exidx.text._ZN9__gnu_cxx29__concurrence_broadcast_errorD0Ev
                0x08004734        0x0 F:/devkitPro/devkitARM/bin/../lib/gcc/arm-none-eabi/14.1.0/../../../../arm-none-eabi/lib/thumb\libstdc++.a(guard.o)
                                  0x8 (size before relaxing)
 .ARM.exidx.text.unlikely._ZN9__gnu_cxx35__throw_concurrence_broadcast_errorEv
                0x08004734        0x8 F:/devkitPro/devkitARM/bin/../lib/gcc/arm-none-eabi/14.1.0/../../../../arm-none-eabi/lib/thumb\libstdc++.a(guard.o)
 .ARM.exidx.text.__cxa_guard_acquire
                0x0800473c        0x8 F:/devkitPro/devkitARM/bin/../lib/gcc/arm-none-eabi/14.1.0/../../../../arm-none-eabi/lib/thumb\libstdc++.a(guard.o)
 .ARM.exidx.text.__cxa_guard_release
                0x08004744        0x8 F:/devkitPro/devkitARM/bin/../lib/gcc/arm-none-eabi/14.1.0/../../../../arm-none-eabi/lib/thumb\libstdc++.a(guard.o)
 .ARM.exidx.text._ZN9__gnu_cxx20recursive_init_errorD2Ev
                0x0800474c        0x8 F:/devkitPro/devkitARM/bin/../lib/gcc/arm-none-eabi/14.1.0/../../../../arm-none-eabi/lib/thumb\libstdc++.a(guard_error.o)
 .ARM.exidx.text._ZN9__gnu_cxx20recursive_init_errorD0Ev
                0x08004754        0x0 F:/devkitPro/devkitARM/bin/../lib/gcc/arm-none-eabi/14.1.0/../../../../arm-none-eabi/lib/thumb\libstdc++.a(guard_error.o)
                                  0x8 (size before relaxing)
 .ARM.exidx.text._ZN9__gnu_cxx20recursive_init_errorC2Ev
                0x08004754        0x0 F:/devkitPro/devkitARM/bin/../lib/gcc/arm-none-eabi/14.1.0/../../../../arm-none-eabi/lib/thumb\libstdc++.a(guard_error.o)
                                  0x8 (size before relaxing)
 .ARM.exidx.text._ZN10__cxxabiv120__si_class_type_infoD2Ev
                0x08004754        0x0 F:/devkitPro/devkitARM/bin/../lib/gcc/arm-none-eabi/14.1.0/../../../../arm-none-eabi/lib/thumb\libstdc++.a(si_class_type_info.o)
                                  0x8 (size before relaxing)
 .ARM.exidx.text._ZN10__cxxabiv120__si_class_type_infoD0Ev
                0x08004754        0x0 F:/devkitPro/devkitARM/bin/../lib/gcc/arm-none-eabi/14.1.0/../../../../arm-none-eabi/lib/thumb\libstdc++.a(si_class_type_info.o)
                                  0x8 (size before relaxing)
 .ARM.exidx.text._ZNK10__cxxabiv120__si_class_type_info12__do_dyncastEiNS_17__class_type_info10__sub_kindEPKS1_PKvS4_S6_RNS1_16__dyncast_resultE
                0x08004754        0x8 F:/devkitPro/devkitARM/bin/../lib/gcc/arm-none-eabi/14.1.0/../../../../arm-none-eabi/lib/thumb\libstdc++.a(si_class_type_info.o)
 .ARM.exidx.text._ZNK10__cxxabiv120__si_class_type_info20__do_find_public_srcEiPKvPKNS_17__class_type_infoES2_
                0x0800475c        0x8 F:/devkitPro/devkitARM/bin/../lib/gcc/arm-none-eabi/14.1.0/../../../../arm-none-eabi/lib/thumb\libstdc++.a(si_class_type_info.o)
 .ARM.exidx.text._ZNK10__cxxabiv120__si_class_type_info11__do_upcastEPKNS_17__class_type_infoEPKvRNS1_15__upcast_resultE
                0x08004764        0x8 F:/devkitPro/devkitARM/bin/../lib/gcc/arm-none-eabi/14.1.0/../../../../arm-none-eabi/lib/thumb\libstdc++.a(si_class_type_info.o)
 .ARM.exidx.text._ZNSt9type_infoD2Ev
                0x0800476c        0x8 F:/devkitPro/devkitARM/bin/../lib/gcc/arm-none-eabi/14.1.0/../../../../arm-none-eabi/lib/thumb\libstdc++.a(tinfo.o)
 .ARM.exidx.text._ZNKSt9type_info14__is_pointer_pEv
                0x08004774        0x0 F:/devkitPro/devkitARM/bin/../lib/gcc/arm-none-eabi/14.1.0/../../../../arm-none-eabi/lib/thumb\libstdc++.a(tinfo.o)
                                  0x8 (size before relaxing)
 .ARM.exidx.text._ZNK10__cxxabiv117__class_type_info11__do_upcastEPKS0_PPv
                0x08004774        0x8 F:/devkitPro/devkitARM/bin/../lib/gcc/arm-none-eabi/14.1.0/../../../../arm-none-eabi/lib/thumb\libstdc++.a(class_type_info.o)
 .ARM.exidx.text._ZNK10__cxxabiv117__class_type_info20__do_find_public_srcEiPKvPKS0_S2_
                0x0800477c        0x8 F:/devkitPro/devkitARM/bin/../lib/gcc/arm-none-eabi/14.1.0/../../../../arm-none-eabi/lib/thumb\libstdc++.a(class_type_info.o)
 .ARM.exidx.text._ZN10__cxxabiv117__class_type_infoD2Ev
                0x08004784        0x0 F:/devkitPro/devkitARM/bin/../lib/gcc/arm-none-eabi/14.1.0/../../../../arm-none-eabi/lib/thumb\libstdc++.a(class_type_info.o)
                                  0x8 (size before relaxing)
 .ARM.exidx.text._ZN10__cxxabiv117__class_type_infoD0Ev
                0x08004784        0x0 F:/devkitPro/devkitARM/bin/../lib/gcc/arm-none-eabi/14.1.0/../../../../arm-none-eabi/lib/thumb\libstdc++.a(class_type_info.o)
                                  0x8 (size before relaxing)
 .ARM.exidx.text._ZNK10__cxxabiv117__class_type_info11__do_upcastEPKS0_PKvRNS0_15__upcast_resultE
                0x08004784        0x0 F:/devkitPro/devkitARM/bin/../lib/gcc/arm-none-eabi/14.1.0/../../../../arm-none-eabi/lib/thumb\libstdc++.a(class_type_info.o)
                                  0x8 (size before relaxing)
 .ARM.exidx.text._ZNK10__cxxabiv117__class_type_info10__do_catchEPKSt9type_infoPPvj
                0x08004784        0x8 F:/devkitPro/devkitARM/bin/../lib/gcc/arm-none-eabi/14.1.0/../../../../arm-none-eabi/lib/thumb\libstdc++.a(class_type_info.o)
 .ARM.exidx.text._ZNK10__cxxabiv117__class_type_info12__do_dyncastEiNS0_10__sub_kindEPKS0_PKvS3_S5_RNS0_16__dyncast_resultE
                0x0800478c        0x8 F:/devkitPro/devkitARM/bin/../lib/gcc/arm-none-eabi/14.1.0/../../../../arm-none-eabi/lib/thumb\libstdc++.a(class_type_info.o)
 .ARM.exidx.text._ZdlPv
                0x08004794        0x0 F:/devkitPro/devkitARM/bin/../lib/gcc/arm-none-eabi/14.1.0/../../../../arm-none-eabi/lib/thumb\libstdc++.a(del_op.o)
                                  0x8 (size before relaxing)
 .ARM.exidx.text.__cxa_type_match
                0x08004794        0x8 F:/devkitPro/devkitARM/bin/../lib/gcc/arm-none-eabi/14.1.0/../../../../arm-none-eabi/lib/thumb\libstdc++.a(eh_arm.o)
 .ARM.exidx.text.__cxa_begin_cleanup
                0x0800479c        0x8 F:/devkitPro/devkitARM/bin/../lib/gcc/arm-none-eabi/14.1.0/../../../../arm-none-eabi/lib/thumb\libstdc++.a(eh_arm.o)
 .ARM.exidx.text.__gnu_end_cleanup
                0x080047a4        0x0 F:/devkitPro/devkitARM/bin/../lib/gcc/arm-none-eabi/14.1.0/../../../../arm-none-eabi/lib/thumb\libstdc++.a(eh_arm.o)
                                  0x8 (size before relaxing)
 .ARM.exidx.text.unlikely._ZN10__cxxabiv1L24__is_gxx_exception_classEPc
                0x080047a4        0x0 F:/devkitPro/devkitARM/bin/../lib/gcc/arm-none-eabi/14.1.0/../../../../arm-none-eabi/lib/thumb\libstdc++.a(eh_call.o)
                                  0x8 (size before relaxing)
 .ARM.exidx.text.unlikely.__cxa_call_terminate
                0x080047a4        0x0 F:/devkitPro/devkitARM/bin/../lib/gcc/arm-none-eabi/14.1.0/../../../../arm-none-eabi/lib/thumb\libstdc++.a(eh_call.o)
                                  0x8 (size before relaxing)
 .ARM.exidx.text.unlikely.__cxa_call_unexpected
                0x080047a4        0x8 F:/devkitPro/devkitARM/bin/../lib/gcc/arm-none-eabi/14.1.0/../../../../arm-none-eabi/lib/thumb\libstdc++.a(eh_call.o)
 .ARM.exidx.text.__cxa_begin_catch
                0x080047ac        0x8 F:/devkitPro/devkitARM/bin/../lib/gcc/arm-none-eabi/14.1.0/../../../../arm-none-eabi/lib/thumb\libstdc++.a(eh_catch.o)
 .ARM.exidx.text.__cxa_end_catch
                0x080047b4        0x8 F:/devkitPro/devkitARM/bin/../lib/gcc/arm-none-eabi/14.1.0/../../../../arm-none-eabi/lib/thumb\libstdc++.a(eh_catch.o)
 .ARM.exidx.text._ZL15eh_globals_dtorPv
                0x080047bc        0x8 F:/devkitPro/devkitARM/bin/../lib/gcc/arm-none-eabi/14.1.0/../../../../arm-none-eabi/lib/thumb\libstdc++.a(eh_globals.o)
 .ARM.exidx.text.__cxa_get_globals_fast
                0x080047c4        0x8 F:/devkitPro/devkitARM/bin/../lib/gcc/arm-none-eabi/14.1.0/../../../../arm-none-eabi/lib/thumb\libstdc++.a(eh_globals.o)
 .ARM.exidx.text.__cxa_get_globals
                0x080047cc        0x8 F:/devkitPro/devkitARM/bin/../lib/gcc/arm-none-eabi/14.1.0/../../../../arm-none-eabi/lib/thumb\libstdc++.a(eh_globals.o)
 .ARM.exidx.text.startup._GLOBAL__sub_I__ZN17__eh_globals_init7_S_initE
                0x080047d4        0x8 F:/devkitPro/devkitARM/bin/../lib/gcc/arm-none-eabi/14.1.0/../../../../arm-none-eabi/lib/thumb\libstdc++.a(eh_globals.o)
 .ARM.exidx.text.exit._GLOBAL__sub_D__ZN17__eh_globals_init7_S_initE
                0x080047dc        0x8 F:/devkitPro/devkitARM/bin/../lib/gcc/arm-none-eabi/14.1.0/../../../../arm-none-eabi/lib/thumb\libstdc++.a(eh_globals.o)
 .ARM.exidx.text.startup._GLOBAL__sub_I__ZSt7nothrow
                0x080047e4        0x8 F:/devkitPro/devkitARM/bin/../lib/gcc/arm-none-eabi/14.1.0/../../../../arm-none-eabi/lib/thumb\libstdc++.a(new_handler.o)
 .ARM.exidx.text.selfrel_offset31
                0x080047ec        0x0 F:/devkitPro/devkitARM/bin/../lib/gcc/arm-none-eabi/14.1.0/thumb\libgcc.a(unwind-arm.o)
                                  0x8 (size before relaxing)
 .ARM.exidx.text.search_EIT_table
                0x080047ec        0x0 F:/devkitPro/devkitARM/bin/../lib/gcc/arm-none-eabi/14.1.0/thumb\libgcc.a(unwind-arm.o)
                                  0x8 (size before relaxing)
 .ARM.exidx.text.__gnu_unwind_get_pr_addr
                0x080047ec        0x0 F:/devkitPro/devkitARM/bin/../lib/gcc/arm-none-eabi/14.1.0/thumb\libgcc.a(unwind-arm.o)
                                  0x8 (size before relaxing)
 .ARM.exidx.text.get_eit_entry
                0x080047ec        0x8 F:/devkitPro/devkitARM/bin/../lib/gcc/arm-none-eabi/14.1.0/thumb\libgcc.a(unwind-arm.o)
 .ARM.exidx.text.restore_non_core_regs
                0x080047f4        0x8 F:/devkitPro/devkitARM/bin/../lib/gcc/arm-none-eabi/14.1.0/thumb\libgcc.a(unwind-arm.o)
 .ARM.exidx.text._Unwind_decode_typeinfo_ptr.constprop.0
                0x080047fc        0x8 F:/devkitPro/devkitARM/bin/../lib/gcc/arm-none-eabi/14.1.0/thumb\libgcc.a(unwind-arm.o)
 .ARM.exidx.text._Unwind_DebugHook
                0x08004804        0x0 F:/devkitPro/devkitARM/bin/../lib/gcc/arm-none-eabi/14.1.0/thumb\libgcc.a(unwind-arm.o)
                                  0x8 (size before relaxing)
 .ARM.exidx.text.unwind_phase2
                0x08004804        0x8 F:/devkitPro/devkitARM/bin/../lib/gcc/arm-none-eabi/14.1.0/thumb\libgcc.a(unwind-arm.o)
 .ARM.exidx.text.unwind_phase2_forced
                0x0800480c        0x8 F:/devkitPro/devkitARM/bin/../lib/gcc/arm-none-eabi/14.1.0/thumb\libgcc.a(unwind-arm.o)
 .ARM.exidx.text.__gnu_Unwind_RaiseException
                0x08004814        0x8 F:/devkitPro/devkitARM/bin/../lib/gcc/arm-none-eabi/14.1.0/thumb\libgcc.a(unwind-arm.o)
 .ARM.exidx.text.__gnu_Unwind_ForcedUnwind
                0x0800481c        0x8 F:/devkitPro/devkitARM/bin/../lib/gcc/arm-none-eabi/14.1.0/thumb\libgcc.a(unwind-arm.o)
 .ARM.exidx.text.__gnu_Unwind_Resume
                0x08004824        0x8 F:/devkitPro/devkitARM/bin/../lib/gcc/arm-none-eabi/14.1.0/thumb\libgcc.a(unwind-arm.o)
 .ARM.exidx.text.__gnu_Unwind_Resume_or_Rethrow
                0x0800482c        0x8 F:/devkitPro/devkitARM/bin/../lib/gcc/arm-none-eabi/14.1.0/thumb\libgcc.a(unwind-arm.o)
 .ARM.exidx.text._Unwind_Complete
                0x08004834        0x8 F:/devkitPro/devkitARM/bin/../lib/gcc/arm-none-eabi/14.1.0/thumb\libgcc.a(unwind-arm.o)
 .ARM.exidx.text._Unwind_DeleteException
                0x0800483c        0x8 F:/devkitPro/devkitARM/bin/../lib/gcc/arm-none-eabi/14.1.0/thumb\libgcc.a(unwind-arm.o)
 .ARM.exidx.text._Unwind_VRS_Get
                0x08004844        0x8 F:/devkitPro/devkitARM/bin/../lib/gcc/arm-none-eabi/14.1.0/thumb\libgcc.a(unwind-arm.o)
 .ARM.exidx.text._Unwind_GetGR
                0x0800484c        0x0 F:/devkitPro/devkitARM/bin/../lib/gcc/arm-none-eabi/14.1.0/thumb\libgcc.a(unwind-arm.o)
                                  0x8 (size before relaxing)
 .ARM.exidx.text._Unwind_VRS_Set
                0x0800484c        0x0 F:/devkitPro/devkitARM/bin/../lib/gcc/arm-none-eabi/14.1.0/thumb\libgcc.a(unwind-arm.o)
                                  0x8 (size before relaxing)
 .ARM.exidx.text._Unwind_SetGR
                0x0800484c        0x0 F:/devkitPro/devkitARM/bin/../lib/gcc/arm-none-eabi/14.1.0/thumb\libgcc.a(unwind-arm.o)
                                  0x8 (size before relaxing)
 .ARM.exidx.text.__gnu_Unwind_Backtrace
                0x0800484c        0x8 F:/devkitPro/devkitARM/bin/../lib/gcc/arm-none-eabi/14.1.0/thumb\libgcc.a(unwind-arm.o)
 .ARM.exidx.text.__gnu_unwind_pr_common
                0x08004854        0x8 F:/devkitPro/devkitARM/bin/../lib/gcc/arm-none-eabi/14.1.0/thumb\libgcc.a(unwind-arm.o)
 .ARM.exidx.text.__aeabi_unwind_cpp_pr0
                0x0800485c        0x8 F:/devkitPro/devkitARM/bin/../lib/gcc/arm-none-eabi/14.1.0/thumb\libgcc.a(unwind-arm.o)
 .ARM.exidx.text.__aeabi_unwind_cpp_pr1
                0x08004864        0x0 F:/devkitPro/devkitARM/bin/../lib/gcc/arm-none-eabi/14.1.0/thumb\libgcc.a(unwind-arm.o)
                                  0x8 (size before relaxing)
 .ARM.exidx.text.__aeabi_unwind_cpp_pr2
                0x08004864        0x0 F:/devkitPro/devkitARM/bin/../lib/gcc/arm-none-eabi/14.1.0/thumb\libgcc.a(unwind-arm.o)
                                  0x8 (size before relaxing)
 .ARM.exidx.text._Unwind_VRS_Pop
                0x08004864       0x10 F:/devkitPro/devkitARM/bin/../lib/gcc/arm-none-eabi/14.1.0/thumb\libgcc.a(unwind-arm.o)
                                  0x8 (size before relaxing)
 .ARM.exidx.text.next_unwind_byte
                0x08004874        0x0 F:/devkitPro/devkitARM/bin/../lib/gcc/arm-none-eabi/14.1.0/thumb\libgcc.a(pr-support.o)
                                  0x8 (size before relaxing)
 .ARM.exidx.text._Unwind_GetGR.constprop.0
                0x08004874        0x8 F:/devkitPro/devkitARM/bin/../lib/gcc/arm-none-eabi/14.1.0/thumb\libgcc.a(pr-support.o)
 .ARM.exidx.text.unwind_UCB_from_context
                0x0800487c        0x8 F:/devkitPro/devkitARM/bin/../lib/gcc/arm-none-eabi/14.1.0/thumb\libgcc.a(pr-support.o)
 .ARM.exidx.text.__gnu_unwind_execute
                0x08004884        0x8 F:/devkitPro/devkitARM/bin/../lib/gcc/arm-none-eabi/14.1.0/thumb\libgcc.a(pr-support.o)
 .ARM.exidx.text.__gnu_unwind_frame
                0x0800488c        0x8 F:/devkitPro/devkitARM/bin/../lib/gcc/arm-none-eabi/14.1.0/thumb\libgcc.a(pr-support.o)
 .ARM.exidx.text._Unwind_GetRegionStart
                0x08004894        0x8 F:/devkitPro/devkitARM/bin/../lib/gcc/arm-none-eabi/14.1.0/thumb\libgcc.a(pr-support.o)
 .ARM.exidx.text._Unwind_GetLanguageSpecificData
                0x0800489c        0x0 F:/devkitPro/devkitARM/bin/../lib/gcc/arm-none-eabi/14.1.0/thumb\libgcc.a(pr-support.o)
                                  0x8 (size before relaxing)
 .ARM.exidx.text.unlikely._Unwind_GetDataRelBase
                0x0800489c        0x8 F:/devkitPro/devkitARM/bin/../lib/gcc/arm-none-eabi/14.1.0/thumb\libgcc.a(pr-support.o)
 .ARM.exidx.text.unlikely._Unwind_GetTextRelBase
                0x080048a4        0x0 F:/devkitPro/devkitARM/bin/../lib/gcc/arm-none-eabi/14.1.0/thumb\libgcc.a(pr-support.o)
                                  0x8 (size before relaxing)
                0x080048a4                        __exidx_end = .

.ctors          0x080048a4        0x0
 *crtbegin.o(.ctors)
 *(EXCLUDE_FILE(*crtend.o) .ctors)
 *(SORT_BY_NAME(.ctors.*))
 *(.ctors)
                0x080048a4                        . = ALIGN (0x4)

.dtors          0x080048a4        0x0
 *crtbegin.o(.dtors)
 *(EXCLUDE_FILE(*crtend.o) .dtors)
 *(SORT_BY_NAME(.dtors.*))
 *(.dtors)
                0x080048a4                        . = ALIGN (0x4)

.eh_frame       0x080048a4        0x4
 *(.eh_frame)
 .eh_frame      0x080048a4        0x0 F:/devkitPro/devkitARM/bin/../lib/gcc/arm-none-eabi/14.1.0/thumb/crtbegin.o
 .eh_frame      0x080048a4        0x4 F:/devkitPro/devkitARM/bin/../lib/gcc/arm-none-eabi/14.1.0/thumb/crtend.o
                0x080048a8                        . = ALIGN (0x4)

.gcc_except_table
                0x080048a8        0x0
 *(.gcc_except_table)
                0x080048a8                        . = ALIGN (0x4)
                0x080048a8                        __iwram_lma = .

.iwram          0x03000000        0x0 load address 0x080048a8
                0x03000000                        __iwram_start__ = ABSOLUTE (.)
 *(.iwram .iwram*)
 *iwram.*(.text* .data*)
                0x03000000                        . = ALIGN (0x4)
                0x03000000                        __iwram_end__ = ABSOLUTE (.)
                0x080048a8                        __data_lma = (__iwram_lma + SIZEOF (.iwram))

.bss            0x03000000      0x270
                0x03000000                        __bss_start = ABSOLUTE (.)
                0x03000000                        __bss_start__ = ABSOLUTE (.)
 *(.dynbss)
 *(.gnu.linkonce.b*)
 *(.bss*)
 .bss.completed.1
                0x03000000        0x1 F:/devkitPro/devkitARM/bin/../lib/gcc/arm-none-eabi/14.1.0/thumb/crtbegin.o
 *fill*         0x03000001        0x3 
 .bss.object.0  0x03000004       0x18 F:/devkitPro/devkitARM/bin/../lib/gcc/arm-none-eabi/14.1.0/thumb/crtbegin.o
 .bss._ZGVZN12_GLOBAL__N_116get_atomic_mutexEvE12atomic_mutex
                0x0300001c        0x4 F:/devkitPro/devkitARM/bin/../lib/gcc/arm-none-eabi/14.1.0/../../../../arm-none-eabi/lib/thumb\libstdc++.a(atomicity.o)
 .bss._ZZN12_GLOBAL__N_116get_atomic_mutexEvE12atomic_mutex
                0x03000020       0x10 F:/devkitPro/devkitARM/bin/../lib/gcc/arm-none-eabi/14.1.0/../../../../arm-none-eabi/lib/thumb\libstdc++.a(atomicity.o)
 .bss._ZN12_GLOBAL__N_114emergency_poolE
                0x03000030       0x1c F:/devkitPro/devkitARM/bin/../lib/gcc/arm-none-eabi/14.1.0/../../../../arm-none-eabi/lib/thumb\libstdc++.a(eh_alloc.o)
 .bss._ZN12_GLOBAL__N_12mxE
                0x0300004c       0x10 F:/devkitPro/devkitARM/bin/../lib/gcc/arm-none-eabi/14.1.0/../../../../arm-none-eabi/lib/thumb\libstdc++.a(eh_terminate.o)
 .bss._ZZN12_GLOBAL__N_115get_static_condEvE4once
                0x0300005c        0x4 F:/devkitPro/devkitARM/bin/../lib/gcc/arm-none-eabi/14.1.0/../../../../arm-none-eabi/lib/thumb\libstdc++.a(guard.o)
 .bss._ZN12_GLOBAL__N_19fake_condE
                0x03000060        0x8 F:/devkitPro/devkitARM/bin/../lib/gcc/arm-none-eabi/14.1.0/../../../../arm-none-eabi/lib/thumb\libstdc++.a(guard.o)
 .bss._ZN12_GLOBAL__N_1L11static_condE
                0x03000068        0x4 F:/devkitPro/devkitARM/bin/../lib/gcc/arm-none-eabi/14.1.0/../../../../arm-none-eabi/lib/thumb\libstdc++.a(guard.o)
 .bss._ZZN12_GLOBAL__N_116get_static_mutexEvE4once
                0x0300006c        0x4 F:/devkitPro/devkitARM/bin/../lib/gcc/arm-none-eabi/14.1.0/../../../../arm-none-eabi/lib/thumb\libstdc++.a(guard.o)
 .bss._ZN12_GLOBAL__N_110fake_mutexE
                0x03000070       0x10 F:/devkitPro/devkitARM/bin/../lib/gcc/arm-none-eabi/14.1.0/../../../../arm-none-eabi/lib/thumb\libstdc++.a(guard.o)
 .bss._ZN12_GLOBAL__N_1L12static_mutexE
                0x03000080        0x4 F:/devkitPro/devkitARM/bin/../lib/gcc/arm-none-eabi/14.1.0/../../../../arm-none-eabi/lib/thumb\libstdc++.a(guard.o)
 .bss._ZL4init  0x03000084        0x4 F:/devkitPro/devkitARM/bin/../lib/gcc/arm-none-eabi/14.1.0/../../../../arm-none-eabi/lib/thumb\libstdc++.a(eh_globals.o)
 .bss._ZN17__eh_globals_init7_S_initE
                0x03000088        0x1 F:/devkitPro/devkitARM/bin/../lib/gcc/arm-none-eabi/14.1.0/../../../../arm-none-eabi/lib/thumb\libstdc++.a(eh_globals.o)
                0x03000088                __eh_globals_init::_S_init
 *fill*         0x03000089        0x3 
 .bss._ZN12_GLOBAL__N_110eh_globalsE
                0x0300008c        0xc F:/devkitPro/devkitARM/bin/../lib/gcc/arm-none-eabi/14.1.0/../../../../arm-none-eabi/lib/thumb\libstdc++.a(eh_globals.o)
 .bss._ZN12_GLOBAL__N_12mxE
                0x03000098       0x10 F:/devkitPro/devkitARM/bin/../lib/gcc/arm-none-eabi/14.1.0/../../../../arm-none-eabi/lib/thumb\libstdc++.a(new_handler.o)
 .bss.__env_recursive_mutex
                0x030000a8        0xc F:/devkitPro/devkitARM/bin/../lib/gcc/arm-none-eabi/14.1.0/../../../../arm-none-eabi/lib/thumb\libg.a(libc_a-envlock.o)
 .bss.initial_env
                0x030000b4        0x4 F:/devkitPro/devkitARM/bin/../lib/gcc/arm-none-eabi/14.1.0/../../../../arm-none-eabi/lib/thumb\libg.a(libc_a-environ.o)
 .bss.__malloc_current_mallinfo
                0x030000b8       0x28 F:/devkitPro/devkitARM/bin/../lib/gcc/arm-none-eabi/14.1.0/../../../../arm-none-eabi/lib/thumb\libg.a(libc_a-mallocr.o)
                0x030000b8                __malloc_current_mallinfo
 .bss.__malloc_max_total_mem
                0x030000e0        0x4 F:/devkitPro/devkitARM/bin/../lib/gcc/arm-none-eabi/14.1.0/../../../../arm-none-eabi/lib/thumb\libg.a(libc_a-mallocr.o)
                0x030000e0                __malloc_max_total_mem
 .bss.__malloc_max_sbrked_mem
                0x030000e4        0x4 F:/devkitPro/devkitARM/bin/../lib/gcc/arm-none-eabi/14.1.0/../../../../arm-none-eabi/lib/thumb\libg.a(libc_a-mallocr.o)
                0x030000e4                __malloc_max_sbrked_mem
 .bss.__malloc_top_pad
                0x030000e8        0x4 F:/devkitPro/devkitARM/bin/../lib/gcc/arm-none-eabi/14.1.0/../../../../arm-none-eabi/lib/thumb\libg.a(libc_a-mallocr.o)
                0x030000e8                __malloc_top_pad
 .bss.__malloc_recursive_mutex
                0x030000ec        0xc F:/devkitPro/devkitARM/bin/../lib/gcc/arm-none-eabi/14.1.0/../../../../arm-none-eabi/lib/thumb\libg.a(libc_a-mlock.o)
 .bss.fake_heap_start
                0x030000f8        0x4 F:/devkitPro/devkitARM/bin/../lib/gcc/arm-none-eabi/14.1.0/../../../../arm-none-eabi/lib/thumb\libsysbase.a(libsysbase_libsysbase_a-malloc_vars.o)
                0x030000f8                fake_heap_start
 .bss.fake_heap_end